Archive member included to satisfy reference by file (symbol)

/home/levent/STM32CubeIDE/workspace_1.18.0/ADC_FFT_Project/Lib/libarm_cortexM4lf_math.a(arm_rfft_fast_init_f32.o)
                              ./Core/Src/main.o (arm_rfft_fast_init_f32)
/home/levent/STM32CubeIDE/workspace_1.18.0/ADC_FFT_Project/Lib/libarm_cortexM4lf_math.a(arm_rfft_fast_f32.o)
                              ./Core/Src/main.o (arm_rfft_fast_f32)
/home/levent/STM32CubeIDE/workspace_1.18.0/ADC_FFT_Project/Lib/libarm_cortexM4lf_math.a(arm_cfft_f32.o)
                              /home/levent/STM32CubeIDE/workspace_1.18.0/ADC_FFT_Project/Lib/libarm_cortexM4lf_math.a(arm_rfft_fast_f32.o) (arm_cfft_f32)
/home/levent/STM32CubeIDE/workspace_1.18.0/ADC_FFT_Project/Lib/libarm_cortexM4lf_math.a(arm_common_tables.o)
                              /home/levent/STM32CubeIDE/workspace_1.18.0/ADC_FFT_Project/Lib/libarm_cortexM4lf_math.a(arm_rfft_fast_init_f32.o) (twiddleCoef_rfft_4096)
/home/levent/STM32CubeIDE/workspace_1.18.0/ADC_FFT_Project/Lib/libarm_cortexM4lf_math.a(arm_bitreversal2.o)
                              /home/levent/STM32CubeIDE/workspace_1.18.0/ADC_FFT_Project/Lib/libarm_cortexM4lf_math.a(arm_cfft_f32.o) (arm_bitreversal_32)
/home/levent/STM32CubeIDE/workspace_1.18.0/ADC_FFT_Project/Lib/libarm_cortexM4lf_math.a(arm_cfft_radix8_f32.o)
                              /home/levent/STM32CubeIDE/workspace_1.18.0/ADC_FFT_Project/Lib/libarm_cortexM4lf_math.a(arm_cfft_f32.o) (arm_radix8_butterfly_f32)
/opt/stm32cubeide/plugins/com.st.stm32cube.ide.mcu.externaltools.gnu-tools-for-stm32.13.3.rel1.linux64_1.0.0.202410170706/tools/bin/../lib/gcc/arm-none-eabi/13.3.1/../../../../arm-none-eabi/lib/thumb/v7e-m+fp/hard/libc_nano.a(libc_a-exit.o)
                              /opt/stm32cubeide/plugins/com.st.stm32cube.ide.mcu.externaltools.gnu-tools-for-stm32.13.3.rel1.linux64_1.0.0.202410170706/tools/bin/../lib/gcc/arm-none-eabi/13.3.1/../../../../arm-none-eabi/lib/thumb/v7e-m+fp/hard/crt0.o (exit)
/opt/stm32cubeide/plugins/com.st.stm32cube.ide.mcu.externaltools.gnu-tools-for-stm32.13.3.rel1.linux64_1.0.0.202410170706/tools/bin/../lib/gcc/arm-none-eabi/13.3.1/../../../../arm-none-eabi/lib/thumb/v7e-m+fp/hard/libc_nano.a(libc_a-findfp.o)
                              /opt/stm32cubeide/plugins/com.st.stm32cube.ide.mcu.externaltools.gnu-tools-for-stm32.13.3.rel1.linux64_1.0.0.202410170706/tools/bin/../lib/gcc/arm-none-eabi/13.3.1/../../../../arm-none-eabi/lib/thumb/v7e-m+fp/hard/libc_nano.a(libc_a-exit.o) (__stdio_exit_handler)
/opt/stm32cubeide/plugins/com.st.stm32cube.ide.mcu.externaltools.gnu-tools-for-stm32.13.3.rel1.linux64_1.0.0.202410170706/tools/bin/../lib/gcc/arm-none-eabi/13.3.1/../../../../arm-none-eabi/lib/thumb/v7e-m+fp/hard/libc_nano.a(libc_a-fwalk.o)
                              /opt/stm32cubeide/plugins/com.st.stm32cube.ide.mcu.externaltools.gnu-tools-for-stm32.13.3.rel1.linux64_1.0.0.202410170706/tools/bin/../lib/gcc/arm-none-eabi/13.3.1/../../../../arm-none-eabi/lib/thumb/v7e-m+fp/hard/libc_nano.a(libc_a-findfp.o) (_fwalk_sglue)
/opt/stm32cubeide/plugins/com.st.stm32cube.ide.mcu.externaltools.gnu-tools-for-stm32.13.3.rel1.linux64_1.0.0.202410170706/tools/bin/../lib/gcc/arm-none-eabi/13.3.1/../../../../arm-none-eabi/lib/thumb/v7e-m+fp/hard/libc_nano.a(libc_a-stdio.o)
                              /opt/stm32cubeide/plugins/com.st.stm32cube.ide.mcu.externaltools.gnu-tools-for-stm32.13.3.rel1.linux64_1.0.0.202410170706/tools/bin/../lib/gcc/arm-none-eabi/13.3.1/../../../../arm-none-eabi/lib/thumb/v7e-m+fp/hard/libc_nano.a(libc_a-findfp.o) (__sread)
/opt/stm32cubeide/plugins/com.st.stm32cube.ide.mcu.externaltools.gnu-tools-for-stm32.13.3.rel1.linux64_1.0.0.202410170706/tools/bin/../lib/gcc/arm-none-eabi/13.3.1/../../../../arm-none-eabi/lib/thumb/v7e-m+fp/hard/libc_nano.a(libc_a-memset.o)
                              /opt/stm32cubeide/plugins/com.st.stm32cube.ide.mcu.externaltools.gnu-tools-for-stm32.13.3.rel1.linux64_1.0.0.202410170706/tools/bin/../lib/gcc/arm-none-eabi/13.3.1/../../../../arm-none-eabi/lib/thumb/v7e-m+fp/hard/crt0.o (memset)
/opt/stm32cubeide/plugins/com.st.stm32cube.ide.mcu.externaltools.gnu-tools-for-stm32.13.3.rel1.linux64_1.0.0.202410170706/tools/bin/../lib/gcc/arm-none-eabi/13.3.1/../../../../arm-none-eabi/lib/thumb/v7e-m+fp/hard/libc_nano.a(libc_a-closer.o)
                              /opt/stm32cubeide/plugins/com.st.stm32cube.ide.mcu.externaltools.gnu-tools-for-stm32.13.3.rel1.linux64_1.0.0.202410170706/tools/bin/../lib/gcc/arm-none-eabi/13.3.1/../../../../arm-none-eabi/lib/thumb/v7e-m+fp/hard/libc_nano.a(libc_a-stdio.o) (_close_r)
/opt/stm32cubeide/plugins/com.st.stm32cube.ide.mcu.externaltools.gnu-tools-for-stm32.13.3.rel1.linux64_1.0.0.202410170706/tools/bin/../lib/gcc/arm-none-eabi/13.3.1/../../../../arm-none-eabi/lib/thumb/v7e-m+fp/hard/libc_nano.a(libc_a-reent.o)
[...]
Memory Configuration

Name             Origin             Length             Attributes
CCMRAM           0x10000000         0x00010000         xrw
RAM              0x20000000         0x00020000         xrw
FLASH            0x08000000         0x00100000         xr
*default*        0x00000000         0xffffffff

Linker script and memory map

LOAD /opt/stm32cubeide/plugins/com.st.stm32cube.ide.mcu.externaltools.gnu-tools-for-stm32.13.3.rel1.linux64_1.0.0.202410170706/tools/bin/../lib/gcc/arm-none-eabi/13.3.1/thumb/v7e-m+fp/hard/crti.o
LOAD /opt/stm32cubeide/plugins/com.st.stm32cube.ide.mcu.externaltools.gnu-tools-for-stm32.13.3.rel1.linux64_1.0.0.202410170706/tools/bin/../lib/gcc/arm-none-eabi/13.3.1/thumb/v7e-m+fp/hard/crtbegin.o
LOAD /opt/stm32cubeide/plugins/com.st.stm32cube.ide.mcu.externaltools.gnu-tools-for-stm32.13.3.rel1.linux64_1.0.0.202410170706/tools/bin/../lib/gcc/arm-none-eabi/13.3.1/../../../../arm-none-eabi/lib/thumb/v7e-m+fp/hard/crt0.o
LOAD ./Core/Src/main.o
LOAD ./Core/Src/stm32f4xx_hal_msp.o
LOAD ./Core/Src/stm32f4xx_it.o
LOAD ./Core/Src/syscalls.o
LOAD ./Core/Src/sysmem.o
LOAD ./Core/Src/system_stm32f4xx.o
LOAD ./Core/Startup/startup_stm32f407vgtx.o
LOAD ./Drivers/STM32F4xx_HAL_Driver/Src/stm32f4xx_hal.o
LOAD ./Drivers/STM32F4xx_HAL_Driver/Src/stm32f4xx_hal_adc.o
LOAD ./Drivers/STM32F4xx_HAL_Driver/Src/stm32f4xx_hal_adc_ex.o
LOAD ./Drivers/STM32F4xx_HAL_Driver/Src/stm32f4xx_hal_cortex.o
LOAD ./Drivers/STM32F4xx_HAL_Driver/Src/stm32f4xx_hal_dma.o
LOAD ./Drivers/STM32F4xx_HAL_Driver/Src/stm32f4xx_hal_dma_ex.o
LOAD ./Drivers/STM32F4xx_HAL_Driver/Src/stm32f4xx_hal_exti.o
LOAD ./Drivers/STM32F4xx_HAL_Driver/Src/stm32f4xx_hal_flash.o
LOAD ./Drivers/STM32F4xx_HAL_Driver/Src/stm32f4xx_hal_flash_ex.o
LOAD ./Drivers/STM32F4xx_HAL_Driver/Src/stm32f4xx_hal_flash_ramfunc.o
LOAD ./Drivers/STM32F4xx_HAL_Driver/Src/stm32f4xx_hal_gpio.o
LOAD ./Drivers/STM32F4xx_HAL_Driver/Src/stm32f4xx_hal_pwr.o
LOAD ./Drivers/STM32F4xx_HAL_Driver/Src/stm32f4xx_hal_pwr_ex.o
LOAD ./Drivers/STM32F4xx_HAL_Driver/Src/stm32f4xx_hal_rcc.o
LOAD ./Drivers/STM32F4xx_HAL_Driver/Src/stm32f4xx_hal_rcc_ex.o
LOAD ./Drivers/STM32F4xx_HAL_Driver/Src/stm32f4xx_hal_tim.o
LOAD ./Drivers/STM32F4xx_HAL_Driver/Src/stm32f4xx_hal_tim_ex.o
LOAD ./Drivers/STM32F4xx_HAL_Driver/Src/stm32f4xx_ll_adc.o
LOAD /home/levent/STM32CubeIDE/workspace_1.18.0/ADC_FFT_Project/Lib/libarm_cortexM4lf_math.a
START GROUP
LOAD /opt/stm32cubeide/plugins/com.st.stm32cube.ide.mcu.externaltools.gnu-tools-for-stm32.13.3.rel1.linux64_1.0.0.202410170706/tools/bin/../lib/gcc/arm-none-eabi/13.3.1/../../../../arm-none-eabi/lib/thumb/v7e-m+fp/hard/libc_nano.a
LOAD /opt/stm32cubeide/plugins/com.st.stm32cube.ide.mcu.externaltools.gnu-tools-for-stm32.13.3.rel1.linux64_1.0.0.202410170706/tools/bin/../lib/gcc/arm-none-eabi/13.3.1/../../../../arm-none-eabi/lib/thumb/v7e-m+fp/hard/libm.a
END GROUP
START GROUP
LOAD /opt/stm32cubeide/plugins/com.st.stm32cube.ide.mcu.externaltools.gnu-tools-for-stm32.13.3.rel1.linux64_1.0.0.202410170706/tools/bin/../lib/gcc/arm-none-eabi/13.3.1/thumb/v7e-m+fp/hard/libgcc.a
LOAD /opt/stm32cubeide/plugins/com.st.stm32cube.ide.mcu.externaltools.gnu-tools-for-stm32.13.3.rel1.linux64_1.0.0.202410170706/tools/bin/../lib/gcc/arm-none-eabi/13.3.1/../../../../arm-none-eabi/lib/thumb/v7e-m+fp/hard/libc_nano.a
END GROUP
START GROUP
LOAD /opt/stm32cubeide/plugins/com.st.stm32cube.ide.mcu.externaltools.gnu-tools-for-stm32.13.3.rel1.linux64_1.0.0.202410170706/tools/bin/../lib/gcc/arm-none-eabi/13.3.1/thumb/v7e-m+fp/hard/libgcc.a
LOAD /opt/stm32cubeide/plugins/com.st.stm32cube.ide.mcu.externaltools.gnu-tools-for-stm32.13.3.rel1.linux64_1.0.0.202410170706/tools/bin/../lib/gcc/arm-none-eabi/13.3.1/../../../../arm-none-eabi/lib/thumb/v7e-m+fp/hard/libc_nano.a
LOAD /opt/stm32cubeide/plugins/com.st.stm32cube.ide.mcu.externaltools.gnu-tools-for-stm32.13.3.rel1.linux64_1.0.0.202410170706/tools/bin/../lib/gcc/arm-none-eabi/13.3.1/../../../../arm-none-eabi/lib/thumb/v7e-m+fp/hard/libnosys.a
END GROUP
START GROUP
LOAD /opt/stm32cubeide/plugins/com.st.stm32cube.ide.mcu.externaltools.gnu-tools-for-stm32.13.3.rel1.linux64_1.0.0.202410170706/tools/bin/../lib/gcc/arm-none-eabi/13.3.1/thumb/v7e-m+fp/hard/libgcc.a
LOAD /opt/stm32cubeide/plugins/com.st.stm32cube.ide.mcu.externaltools.gnu-tools-for-stm32.13.3.rel1.linux64_1.0.0.202410170706/tools/bin/../lib/gcc/arm-none-eabi/13.3.1/../../../../arm-none-eabi/lib/thumb/v7e-m+fp/hard/libc_nano.a
LOAD /opt/stm32cubeide/plugins/com.st.stm32cube.ide.mcu.externaltools.gnu-tools-for-stm32.13.3.rel1.linux64_1.0.0.202410170706/tools/bin/../lib/gcc/arm-none-eabi/13.3.1/../../../../arm-none-eabi/lib/thumb/v7e-m+fp/hard/libnosys.a
END GROUP
LOAD /opt/stm32cubeide/plugins/com.st.stm32cube.ide.mcu.externaltools.gnu-tools-for-stm32.13.3.rel1.linux64_1.0.0.202410170706/tools/bin/../lib/gcc/arm-none-eabi/13.3.1/thumb/v7e-m+fp/hard/crtend.o
LOAD /opt/stm32cubeide/plugins/com.st.stm32cube.ide.mcu.externaltools.gnu-tools-for-stm32.13.3.rel1.linux64_1.0.0.202410170706/tools/bin/../lib/gcc/arm-none-eabi/13.3.1/thumb/v7e-m+fp/hard/crtn.o
                0x20020000                        _estack = (ORIGIN (RAM) + LENGTH (RAM))
                0x00000200                        _Min_Heap_Size = 0x200
                0x00000400                        _Min_Stack_Size = 0x400

.isr_vector     0x08000000      0x188
                0x08000000                        . = ALIGN (0x4)
 *(.isr_vector)
 .isr_vector    0x08000000      0x188 ./Core/Startup/startup_stm32f407vgtx.o
                0x08000000                g_pfnVectors
                0x08000188                        . = ALIGN (0x4)

.text           0x08000188     0x4eac
                0x08000188                        . = ALIGN (0x4)
 *(.text)
 .text          0x08000188       0x40 /opt/stm32cubeide/plugins/com.st.stm32cube.ide.mcu.externaltools.gnu-tools-for-stm32.13.3.rel1.linux64_1.0.0.202410170706/tools/bin/../lib/gcc/arm-none-eabi/13.3.1/thumb/v7e-m+fp/hard/crtbegin.o
 .text          0x080001c8       0xc0 /home/levent/STM32CubeIDE/workspace_1.18.0/ADC_FFT_Project/Lib/libarm_cortexM4lf_math.a(arm_bitreversal2.o)
                0x080001c8                arm_bitreversal_32
                0x08000232                arm_bitreversal_16
 .text          0x08000288       0x30 /opt/stm32cubeide/plugins/com.st.stm32cube.ide.mcu.externaltools.gnu-tools-for-stm32.13.3.rel1.linux64_1.0.0.202410170706/tools/bin/../lib/gcc/arm-none-eabi/13.3.1/thumb/v7e-m+fp/hard/libgcc.a(_aeabi_uldivmod.o)
                0x08000288                __aeabi_uldivmod
 .text          0x080002b8      0x2f8 /opt/stm32cubeide/plugins/com.st.stm32cube.ide.mcu.externaltools.gnu-tools-for-stm32.13.3.rel1.linux64_1.0.0.202410170706/tools/bin/../lib/gcc/arm-none-eabi/13.3.1/thumb/v7e-m+fp/hard/libgcc.a(_udivmoddi4.o)
                0x080002b8                __udivmoddi4
 .text          0x080005b0        0x4 /opt/stm32cubeide/plugins/com.st.stm32cube.ide.mcu.externaltools.gnu-tools-for-stm32.13.3.rel1.linux64_1.0.0.202410170706/tools/bin/../lib/gcc/arm-none-eabi/13.3.1/thumb/v7e-m+fp/hard/libgcc.a(_dvmd_tls.o)
                0x080005b0                __aeabi_ldiv0
                0x080005b0                __aeabi_idiv0
 *(.text*)
 .text.HAL_ADC_ConvCpltCallback
                0x080005b4       0x2c ./Core/Src/main.o
                0x080005b4                HAL_ADC_ConvCpltCallback
 .text.main     0x080005e0      0x4b4 ./Core/Src/main.o
                0x080005e0                main
 .text.Error_Handler
                0x08000a94       0x1c ./Core/Src/main.o
                0x08000a94                Error_Handler
 .text.SystemClock_Config
                0x08000ab0       0x8e ./Core/Src/main.o
                0x08000ab0                SystemClock_Config
 *fill*         0x08000b3e        0x2 
 .text.MX_GPIO_Init
                0x08000b40       0x98 ./Core/Src/main.o
 .text.MX_DMA_Init
                0x08000bd8       0xac ./Core/Src/main.o
 .text.MX_ADC1_Init
                0x08000c84       0xc8 ./Core/Src/main.o
 .text.MX_TIM2_Init
                0x08000d4c       0xbc ./Core/Src/main.o
 .text.HAL_MspInit
                0x08000e08       0x50 ./Core/Src/stm32f4xx_hal_msp.o
                0x08000e08                HAL_MspInit
 .text.HAL_ADC_MspInit
                0x08000e58       0xf0 ./Core/Src/stm32f4xx_hal_msp.o
                0x08000e58                HAL_ADC_MspInit
 .text.HAL_TIM_Base_MspInit
                0x08000f48       0x40 ./Core/Src/stm32f4xx_hal_msp.o
                0x08000f48                HAL_TIM_Base_MspInit
 .text.NMI_Handler
                0x08000f88        0x8 ./Core/Src/stm32f4xx_it.o
                0x08000f88                NMI_Handler
 .text.HardFault_Handler
                0x08000f90        0x8 ./Core/Src/stm32f4xx_it.o
                0x08000f90                HardFault_Handler
 .text.MemManage_Handler
                0x08000f98        0x8 ./Core/Src/stm32f4xx_it.o
                0x08000f98                MemManage_Handler
 .text.BusFault_Handler
                0x08000fa0        0x8 ./Core/Src/stm32f4xx_it.o
                0x08000fa0                BusFault_Handler
 .text.UsageFault_Handler
                0x08000fa8        0x8 ./Core/Src/stm32f4xx_it.o
                0x08000fa8                UsageFault_Handler
 .text.SVC_Handler
                0x08000fb0        0xe ./Core/Src/stm32f4xx_it.o
                0x08000fb0                SVC_Handler
 .text.DebugMon_Handler
                0x08000fbe        0xe ./Core/Src/stm32f4xx_it.o
                0x08000fbe                DebugMon_Handler
 .text.PendSV_Handler
                0x08000fcc        0xe ./Core/Src/stm32f4xx_it.o
                0x08000fcc                PendSV_Handler
 .text.SysTick_Handler
                0x08000fda        0xc ./Core/Src/stm32f4xx_it.o
                0x08000fda                SysTick_Handler
 *fill*         0x08000fe6        0x2 
 .text.DMA2_Stream0_IRQHandler
                0x08000fe8       0x14 ./Core/Src/stm32f4xx_it.o
                0x08000fe8                DMA2_Stream0_IRQHandler
 .text.SystemInit
                0x08000ffc       0x24 ./Core/Src/system_stm32f4xx.o
                0x08000ffc                SystemInit
 .text.Reset_Handler
                0x08001020       0x50 ./Core/Startup/startup_stm32f407vgtx.o
                0x08001020                Reset_Handler
 .text.Default_Handler
                0x08001070        0x2 ./Core/Startup/startup_stm32f407vgtx.o
                0x08001070                RTC_Alarm_IRQHandler
                0x08001070                HASH_RNG_IRQHandler
                0x08001070                EXTI2_IRQHandler
                0x08001070                TIM8_CC_IRQHandler
                0x08001070                TIM1_CC_IRQHandler
                0x08001070                DMA2_Stream5_IRQHandler
                0x08001070                DMA1_Stream5_IRQHandler
                0x08001070                PVD_IRQHandler
                0x08001070                SDIO_IRQHandler
                0x08001070                TAMP_STAMP_IRQHandler
                0x08001070                CAN2_RX1_IRQHandler
                0x08001070                EXTI3_IRQHandler
                0x08001070                TIM8_TRG_COM_TIM14_IRQHandler
                0x08001070                TIM1_UP_TIM10_IRQHandler
                0x08001070                TIM8_UP_TIM13_IRQHandler
                0x08001070                I2C3_ER_IRQHandler
                0x08001070                EXTI0_IRQHandler
                0x08001070                I2C2_EV_IRQHandler
                0x08001070                DMA1_Stream2_IRQHandler
                0x08001070                CAN1_RX0_IRQHandler
                0x08001070                FPU_IRQHandler
                0x08001070                OTG_HS_WKUP_IRQHandler
                0x08001070                CAN2_SCE_IRQHandler
                0x08001070                DMA2_Stream2_IRQHandler
                0x08001070                SPI1_IRQHandler
                0x08001070                TIM6_DAC_IRQHandler
                0x08001070                TIM1_BRK_TIM9_IRQHandler
                0x08001070                DCMI_IRQHandler
                0x08001070                CAN2_RX0_IRQHandler
                0x08001070                DMA2_Stream3_IRQHandler
                0x08001070                USART6_IRQHandler
                0x08001070                USART3_IRQHandler
                0x08001070                CAN1_RX1_IRQHandler
                0x08001070                UART5_IRQHandler
                0x08001070                TIM4_IRQHandler
                0x08001070                I2C1_EV_IRQHandler
                0x08001070                DMA1_Stream6_IRQHandler
                0x08001070                DMA1_Stream1_IRQHandler
                0x08001070                UART4_IRQHandler
                0x08001070                TIM3_IRQHandler
                0x08001070                RCC_IRQHandler
                0x08001070                TIM8_BRK_TIM12_IRQHandler
                0x08001070                Default_Handler
                0x08001070                EXTI15_10_IRQHandler
                0x08001070                ADC_IRQHandler
                0x08001070                DMA1_Stream7_IRQHandler
                0x08001070                TIM7_IRQHandler
                0x08001070                CAN2_TX_IRQHandler
                0x08001070                TIM5_IRQHandler
                0x08001070                DMA2_Stream7_IRQHandler
                0x08001070                I2C3_EV_IRQHandler
                0x08001070                EXTI9_5_IRQHandler
                0x08001070                RTC_WKUP_IRQHandler
                0x08001070                ETH_WKUP_IRQHandler
                0x08001070                SPI2_IRQHandler
                0x08001070                OTG_HS_EP1_IN_IRQHandler
                0x08001070                DMA1_Stream0_IRQHandler
                0x08001070                CAN1_TX_IRQHandler
                0x08001070                EXTI4_IRQHandler
                0x08001070                FSMC_IRQHandler
                0x08001070                ETH_IRQHandler
                0x08001070                OTG_HS_EP1_OUT_IRQHandler
                0x08001070                WWDG_IRQHandler
                0x08001070                TIM2_IRQHandler
                0x08001070                OTG_FS_WKUP_IRQHandler
                0x08001070                TIM1_TRG_COM_TIM11_IRQHandler
                0x08001070                OTG_HS_IRQHandler
                0x08001070                EXTI1_IRQHandler
                0x08001070                USART2_IRQHandler
                0x08001070                I2C2_ER_IRQHandler
                0x08001070                DMA2_Stream1_IRQHandler
                0x08001070                CAN1_SCE_IRQHandler
                0x08001070                FLASH_IRQHandler
                0x08001070                DMA2_Stream4_IRQHandler
                0x08001070                USART1_IRQHandler
                0x08001070                OTG_FS_IRQHandler
                0x08001070                SPI3_IRQHandler
                0x08001070                DMA1_Stream4_IRQHandler
                0x08001070                I2C1_ER_IRQHandler
                0x08001070                DMA2_Stream6_IRQHandler
                0x08001070                DMA1_Stream3_IRQHandler
 *fill*         0x08001072        0x2 
 .text.HAL_Init
                0x08001074       0x44 ./Drivers/STM32F4xx_HAL_Driver/Src/stm32f4xx_hal.o
                0x08001074                HAL_Init
 .text.HAL_InitTick
                0x080010b8       0x60 ./Drivers/STM32F4xx_HAL_Driver/Src/stm32f4xx_hal.o
                0x080010b8                HAL_InitTick
 .text.HAL_IncTick
                0x08001118       0x28 ./Drivers/STM32F4xx_HAL_Driver/Src/stm32f4xx_hal.o
                0x08001118                HAL_IncTick
 .text.HAL_GetTick
                0x08001140       0x18 ./Drivers/STM32F4xx_HAL_Driver/Src/stm32f4xx_hal.o
                0x08001140                HAL_GetTick
 .text.HAL_ADC_Init
                0x08001158       0x86 ./Drivers/STM32F4xx_HAL_Driver/Src/stm32f4xx_hal_adc.o
                0x08001158                HAL_ADC_Init
 *fill*         0x080011de        0x2 
 .text.HAL_ADC_Start_DMA
                0x080011e0      0x220 ./Drivers/STM32F4xx_HAL_Driver/Src/stm32f4xx_hal_adc.o
                0x080011e0                HAL_ADC_Start_DMA
 .text.HAL_ADC_ConvHalfCpltCallback
                0x08001400       0x14 ./Drivers/STM32F4xx_HAL_Driver/Src/stm32f4xx_hal_adc.o
                0x08001400                HAL_ADC_ConvHalfCpltCallback
 .text.HAL_ADC_ErrorCallback
                0x08001414       0x14 ./Drivers/STM32F4xx_HAL_Driver/Src/stm32f4xx_hal_adc.o
                0x08001414                HAL_ADC_ErrorCallback
 .text.HAL_ADC_ConfigChannel
                0x08001428      0x244 ./Drivers/STM32F4xx_HAL_Driver/Src/stm32f4xx_hal_adc.o
                0x08001428                HAL_ADC_ConfigChannel
 .text.ADC_Init
                0x0800166c      0x1f8 ./Drivers/STM32F4xx_HAL_Driver/Src/stm32f4xx_hal_adc.o
 .text.ADC_DMAConvCplt
                0x08001864       0xba ./Drivers/STM32F4xx_HAL_Driver/Src/stm32f4xx_hal_adc.o
 .text.ADC_DMAHalfConvCplt
                0x0800191e       0x1c ./Drivers/STM32F4xx_HAL_Driver/Src/stm32f4xx_hal_adc.o
 .text.ADC_DMAError
                0x0800193a       0x2e ./Drivers/STM32F4xx_HAL_Driver/Src/stm32f4xx_hal_adc.o
 .text.__NVIC_SetPriorityGrouping
                0x08001968       0x48 ./Drivers/STM32F4xx_HAL_Driver/Src/stm32f4xx_hal_cortex.o
 .text.__NVIC_GetPriorityGrouping
                0x080019b0       0x1c ./Drivers/STM32F4xx_HAL_Driver/Src/stm32f4xx_hal_cortex.o
 .text.__NVIC_EnableIRQ
                0x080019cc       0x3c ./Drivers/STM32F4xx_HAL_Driver/Src/stm32f4xx_hal_cortex.o
 .text.__NVIC_SetPriority
                0x08001a08       0x54 ./Drivers/STM32F4xx_HAL_Driver/Src/stm32f4xx_hal_cortex.o
 .text.NVIC_EncodePriority
                0x08001a5c       0x66 ./Drivers/STM32F4xx_HAL_Driver/Src/stm32f4xx_hal_cortex.o
 *fill*         0x08001ac2        0x2 
 .text.SysTick_Config
                0x08001ac4       0x44 ./Drivers/STM32F4xx_HAL_Driver/Src/stm32f4xx_hal_cortex.o
 .text.HAL_NVIC_SetPriorityGrouping
                0x08001b08       0x16 ./Drivers/STM32F4xx_HAL_Driver/Src/stm32f4xx_hal_cortex.o
                0x08001b08                HAL_NVIC_SetPriorityGrouping
 .text.HAL_NVIC_SetPriority
                0x08001b1e       0x38 ./Drivers/STM32F4xx_HAL_Driver/Src/stm32f4xx_hal_cortex.o
                0x08001b1e                HAL_NVIC_SetPriority
 .text.HAL_NVIC_EnableIRQ
                0x08001b56       0x1c ./Drivers/STM32F4xx_HAL_Driver/Src/stm32f4xx_hal_cortex.o
                0x08001b56                HAL_NVIC_EnableIRQ
 .text.HAL_SYSTICK_Config
                0x08001b72       0x18 ./Drivers/STM32F4xx_HAL_Driver/Src/stm32f4xx_hal_cortex.o
                0x08001b72                HAL_SYSTICK_Config
 *fill*         0x08001b8a        0x2 
 .text.HAL_DMA_Init
                0x08001b8c      0x15c ./Drivers/STM32F4xx_HAL_Driver/Src/stm32f4xx_hal_dma.o
                0x08001b8c                HAL_DMA_Init
 .text.HAL_DMA_Start_IT
                0x08001ce8       0xb0 ./Drivers/STM32F4xx_HAL_Driver/Src/stm32f4xx_hal_dma.o
                0x08001ce8                HAL_DMA_Start_IT
 .text.HAL_DMA_IRQHandler
                0x08001d98      0x314 ./Drivers/STM32F4xx_HAL_Driver/Src/stm32f4xx_hal_dma.o
                0x08001d98                HAL_DMA_IRQHandler
 .text.DMA_SetConfig
                0x080020ac       0x5c ./Drivers/STM32F4xx_HAL_Driver/Src/stm32f4xx_hal_dma.o
 .text.DMA_CalcBaseAndBitshift
                0x08002108       0x6c ./Drivers/STM32F4xx_HAL_Driver/Src/stm32f4xx_hal_dma.o
 .text.DMA_CheckFifoParam
                0x08002174       0xf8 ./Drivers/STM32F4xx_HAL_Driver/Src/stm32f4xx_hal_dma.o
 .text.HAL_GPIO_Init
                0x0800226c      0x338 ./Drivers/STM32F4xx_HAL_Driver/Src/stm32f4xx_hal_gpio.o
                0x0800226c                HAL_GPIO_Init
 .text.HAL_GPIO_WritePin
                0x080025a4       0x32 ./Drivers/STM32F4xx_HAL_Driver/Src/stm32f4xx_hal_gpio.o
                0x080025a4                HAL_GPIO_WritePin
 *fill*         0x080025d6        0x2 
 .text.HAL_RCC_OscConfig
                0x080025d8      0x4f0 ./Drivers/STM32F4xx_HAL_Driver/Src/stm32f4xx_hal_rcc.o
                0x080025d8                HAL_RCC_OscConfig
 .text.HAL_RCC_ClockConfig
                0x08002ac8      0x1cc ./Drivers/STM32F4xx_HAL_Driver/Src/stm32f4xx_hal_rcc.o
                0x08002ac8                HAL_RCC_ClockConfig
 .text.HAL_RCC_GetSysClockFreq
                0x08002c94      0x20c ./Drivers/STM32F4xx_HAL_Driver/Src/stm32f4xx_hal_rcc.o
                0x08002c94                HAL_RCC_GetSysClockFreq
 .text.HAL_TIM_Base_Init
                0x08002ea0       0x9e ./Drivers/STM32F4xx_HAL_Driver/Src/stm32f4xx_hal_tim.o
                0x08002ea0                HAL_TIM_Base_Init
 *fill*         0x08002f3e        0x2 
 .text.HAL_TIM_Base_Start
                0x08002f40       0xd0 ./Drivers/STM32F4xx_HAL_Driver/Src/stm32f4xx_hal_tim.o
                0x08002f40                HAL_TIM_Base_Start
 .text.HAL_TIM_Base_Stop
                0x08003010       0x4e ./Drivers/STM32F4xx_HAL_Driver/Src/stm32f4xx_hal_tim.o
                0x08003010                HAL_TIM_Base_Stop
 .text.HAL_TIM_ConfigClockSource
                0x0800305e      0x18e ./Drivers/STM32F4xx_HAL_Driver/Src/stm32f4xx_hal_tim.o
                0x0800305e                HAL_TIM_ConfigClockSource
 .text.TIM_Base_SetConfig
                0x080031ec      0x158 ./Drivers/STM32F4xx_HAL_Driver/Src/stm32f4xx_hal_tim.o
                0x080031ec                TIM_Base_SetConfig
 .text.TIM_TI1_ConfigInputStage
                0x08003344       0x5e ./Drivers/STM32F4xx_HAL_Driver/Src/stm32f4xx_hal_tim.o
 .text.TIM_TI2_ConfigInputStage
                0x080033a2       0x60 ./Drivers/STM32F4xx_HAL_Driver/Src/stm32f4xx_hal_tim.o
 .text.TIM_ITRx_SetConfig
                0x08003402       0x36 ./Drivers/STM32F4xx_HAL_Driver/Src/stm32f4xx_hal_tim.o
 .text.TIM_ETR_SetConfig
                0x08003438       0x40 ./Drivers/STM32F4xx_HAL_Driver/Src/stm32f4xx_hal_tim.o
                0x08003438                TIM_ETR_SetConfig
 .text.HAL_TIMEx_MasterConfigSynchronization
                0x08003478       0xf8 ./Drivers/STM32F4xx_HAL_Driver/Src/stm32f4xx_hal_tim_ex.o
                0x08003478                HAL_TIMEx_MasterConfigSynchronization
 .text.arm_rfft_fast_init_f32
                0x08003570      0x108 /home/levent/STM32CubeIDE/workspace_1.18.0/ADC_FFT_Project/Lib/libarm_cortexM4lf_math.a(arm_rfft_fast_init_f32.o)
                0x08003570                arm_rfft_fast_init_f32
 .text.arm_rfft_fast_f32
                0x08003678      0x188 /home/levent/STM32CubeIDE/workspace_1.18.0/ADC_FFT_Project/Lib/libarm_cortexM4lf_math.a(arm_rfft_fast_f32.o)
                0x08003678                arm_rfft_fast_f32
 .text.arm_cfft_radix8by2_f32
                0x08003800      0x1a4 /home/levent/STM32CubeIDE/workspace_1.18.0/ADC_FFT_Project/Lib/libarm_cortexM4lf_math.a(arm_cfft_f32.o)
                0x08003800                arm_cfft_radix8by2_f32
 .text.arm_cfft_radix8by4_f32
                0x080039a4      0x4bc /home/levent/STM32CubeIDE/workspace_1.18.0/ADC_FFT_Project/Lib/libarm_cortexM4lf_math.a(arm_cfft_f32.o)
                0x080039a4                arm_cfft_radix8by4_f32
 .text.arm_cfft_f32
                0x08003e60       0xf4 /home/levent/STM32CubeIDE/workspace_1.18.0/ADC_FFT_Project/Lib/libarm_cortexM4lf_math.a(arm_cfft_f32.o)
                0x08003e60                arm_cfft_f32
 .text.arm_radix8_butterfly_f32
                0x08003f54      0x5c4 /home/levent/STM32CubeIDE/workspace_1.18.0/ADC_FFT_Project/Lib/libarm_cortexM4lf_math.a(arm_cfft_radix8_f32.o)
                0x08003f54                arm_radix8_butterfly_f32
 .text.memset   0x08004518       0x10 /opt/stm32cubeide/plugins/com.st.stm32cube.ide.mcu.externaltools.gnu-tools-for-stm32.13.3.rel1.linux64_1.0.0.202410170706/tools/bin/../lib/gcc/arm-none-eabi/13.3.1/../../../../arm-none-eabi/lib/thumb/v7e-m+fp/hard/libc_nano.a(libc_a-memset.o)
                0x08004518                memset
 .text.__errno  0x08004528        0xc /opt/stm32cubeide/plugins/com.st.stm32cube.ide.mcu.externaltools.gnu-tools-for-stm32.13.3.rel1.linux64_1.0.0.202410170706/tools/bin/../lib/gcc/arm-none-eabi/13.3.1/../../../../arm-none-eabi/lib/thumb/v7e-m+fp/hard/libc_nano.a(libc_a-errno.o)
                0x08004528                __errno
 .text.__libc_init_array
                0x08004534       0x48 /opt/stm32cubeide/plugins/com.st.stm32cube.ide.mcu.externaltools.gnu-tools-for-stm32.13.3.rel1.linux64_1.0.0.202410170706/tools/bin/../lib/gcc/arm-none-eabi/13.3.1/../../../../arm-none-eabi/lib/thumb/v7e-m+fp/hard/libc_nano.a(libc_a-init.o)
                0x08004534                __libc_init_array
 .text.sqrtf    0x0800457c       0x3c /opt/stm32cubeide/plugins/com.st.stm32cube.ide.mcu.externaltools.gnu-tools-for-stm32.13.3.rel1.linux64_1.0.0.202410170706/tools/bin/../lib/gcc/arm-none-eabi/13.3.1/../../../../arm-none-eabi/lib/thumb/v7e-m+fp/hard/libm.a(libm_a-wf_sqrt.o)
                0x0800457c                sqrtf
 .text.cosf     0x080045b8       0x88 /opt/stm32cubeide/plugins/com.st.stm32cube.ide.mcu.externaltools.gnu-tools-for-stm32.13.3.rel1.linux64_1.0.0.202410170706/tools/bin/../lib/gcc/arm-none-eabi/13.3.1/../../../../arm-none-eabi/lib/thumb/v7e-m+fp/hard/libm.a(libm_a-sf_cos.o)
                0x080045b8                cosf
 .text.__ieee754_sqrtf
                0x08004640        0x6 /opt/stm32cubeide/plugins/com.st.stm32cube.ide.mcu.externaltools.gnu-tools-for-stm32.13.3.rel1.linux64_1.0.0.202410170706/tools/bin/../lib/gcc/arm-none-eabi/13.3.1/../../../../arm-none-eabi/lib/thumb/v7e-m+fp/hard/libm.a(libm_a-ef_sqrt.o)
                0x08004640                __ieee754_sqrtf
 *fill*         0x08004646        0x2 
 .text.__kernel_cosf
                0x08004648       0xb0 /opt/stm32cubeide/plugins/com.st.stm32cube.ide.mcu.externaltools.gnu-tools-for-stm32.13.3.rel1.linux64_1.0.0.202410170706/tools/bin/../lib/gcc/arm-none-eabi/13.3.1/../../../../arm-none-eabi/lib/thumb/v7e-m+fp/hard/libm.a(libm_a-kf_cos.o)
                0x08004648                __kernel_cosf
 .text.__kernel_sinf
                0x080046f8       0x90 /opt/stm32cubeide/plugins/com.st.stm32cube.ide.mcu.externaltools.gnu-tools-for-stm32.13.3.rel1.linux64_1.0.0.202410170706/tools/bin/../lib/gcc/arm-none-eabi/13.3.1/../../../../arm-none-eabi/lib/thumb/v7e-m+fp/hard/libm.a(libm_a-kf_sin.o)
                0x080046f8                __kernel_sinf
 .text.__ieee754_rem_pio2f
                0x08004788      0x260 /opt/stm32cubeide/plugins/com.st.stm32cube.ide.mcu.externaltools.gnu-tools-for-stm32.13.3.rel1.linux64_1.0.0.202410170706/tools/bin/../lib/gcc/arm-none-eabi/13.3.1/../../../../arm-none-eabi/lib/thumb/v7e-m+fp/hard/libm.a(libm_a-ef_rem_pio2.o)
                0x08004788                __ieee754_rem_pio2f
 .text.fabsf    0x080049e8        0xe /opt/stm32cubeide/plugins/com.st.stm32cube.ide.mcu.externaltools.gnu-tools-for-stm32.13.3.rel1.linux64_1.0.0.202410170706/tools/bin/../lib/gcc/arm-none-eabi/13.3.1/../../../../arm-none-eabi/lib/thumb/v7e-m+fp/hard/libm.a(libm_a-sf_fabs.o)
                0x080049e8                fabsf
 *fill*         0x080049f6        0x2 
 .text.__kernel_rem_pio2f
                0x080049f8      0x4d0 /opt/stm32cubeide/plugins/com.st.stm32cube.ide.mcu.externaltools.gnu-tools-for-stm32.13.3.rel1.linux64_1.0.0.202410170706/tools/bin/../lib/gcc/arm-none-eabi/13.3.1/../../../../arm-none-eabi/lib/thumb/v7e-m+fp/hard/libm.a(libm_a-kf_rem_pio2.o)
                0x080049f8                __kernel_rem_pio2f
 .text.scalbnf  0x08004ec8       0xcc /opt/stm32cubeide/plugins/com.st.stm32cube.ide.mcu.externaltools.gnu-tools-for-stm32.13.3.rel1.linux64_1.0.0.202410170706/tools/bin/../lib/gcc/arm-none-eabi/13.3.1/../../../../arm-none-eabi/lib/thumb/v7e-m+fp/hard/libm.a(libm_a-sf_scalbn.o)
                0x08004ec8                scalbnf
 .text.floorf   0x08004f94       0x88 /opt/stm32cubeide/plugins/com.st.stm32cube.ide.mcu.externaltools.gnu-tools-for-stm32.13.3.rel1.linux64_1.0.0.202410170706/tools/bin/../lib/gcc/arm-none-eabi/13.3.1/../../../../arm-none-eabi/lib/thumb/v7e-m+fp/hard/libm.a(libm_a-sf_floor.o)
                0x08004f94                floorf
 *(.glue_7)
 .glue_7        0x0800501c        0x0 linker stubs
 *(.glue_7t)
 .glue_7t       0x0800501c        0x0 linker stubs
 *(.eh_frame)
 .eh_frame      0x0800501c        0x0 /opt/stm32cubeide/plugins/com.st.stm32cube.ide.mcu.externaltools.gnu-tools-for-stm32.13.3.rel1.linux64_1.0.0.202410170706/tools/bin/../lib/gcc/arm-none-eabi/13.3.1/thumb/v7e-m+fp/hard/crtbegin.o
 *(.init)
 .init          0x0800501c        0x4 /opt/stm32cubeide/plugins/com.st.stm32cube.ide.mcu.externaltools.gnu-tools-for-stm32.13.3.rel1.linux64_1.0.0.202410170706/tools/bin/../lib/gcc/arm-none-eabi/13.3.1/thumb/v7e-m+fp/hard/crti.o
                0x0800501c                _init
 .init          0x08005020        0x8 /opt/stm32cubeide/plugins/com.st.stm32cube.ide.mcu.externaltools.gnu-tools-for-stm32.13.3.rel1.linux64_1.0.0.202410170706/tools/bin/../lib/gcc/arm-none-eabi/13.3.1/thumb/v7e-m+fp/hard/crtn.o
 *(.fini)
 .fini          0x08005028        0x4 /opt/stm32cubeide/plugins/com.st.stm32cube.ide.mcu.externaltools.gnu-tools-for-stm32.13.3.rel1.linux64_1.0.0.202410170706/tools/bin/../lib/gcc/arm-none-eabi/13.3.1/thumb/v7e-m+fp/hard/crti.o
                0x08005028                _fini
 .fini          0x0800502c        0x8 /opt/stm32cubeide/plugins/com.st.stm32cube.ide.mcu.externaltools.gnu-tools-for-stm32.13.3.rel1.linux64_1.0.0.202410170706/tools/bin/../lib/gcc/arm-none-eabi/13.3.1/thumb/v7e-m+fp/hard/crtn.o
                0x08005034                        . = ALIGN (0x4)
                0x08005034                        _etext = .

.vfp11_veneer   0x08005034        0x0
 .vfp11_veneer  0x08005034        0x0 linker stubs

.v4_bx          0x08005034        0x0
 .v4_bx         0x08005034        0x0 linker stubs

.iplt           0x08005034        0x0
 .iplt          0x08005034        0x0 /opt/stm32cubeide/plugins/com.st.stm32cube.ide.mcu.externaltools.gnu-tools-for-stm32.13.3.rel1.linux64_1.0.0.202410170706/tools/bin/../lib/gcc/arm-none-eabi/13.3.1/thumb/v7e-m+fp/hard/crtbegin.o

.rodata         0x08005034    0x13850
                0x08005034                        . = ALIGN (0x4)
 *(.rodata)
 .rodata        0x08005034       0x10 ./Core/Src/main.o
 *(.rodata*)
 .rodata.AHBPrescTable
                0x08005044       0x10 ./Core/Src/system_stm32f4xx.o
                0x08005044                AHBPrescTable
 .rodata.flagBitshiftOffset.0
                0x08005054        0x8 ./Drivers/STM32F4xx_HAL_Driver/Src/stm32f4xx_hal_dma.o
 .rodata.twiddleCoef_2048
                0x0800505c     0x4000 /home/levent/STM32CubeIDE/workspace_1.18.0/ADC_FFT_Project/Lib/libarm_cortexM4lf_math.a(arm_common_tables.o)
                0x0800505c                twiddleCoef_2048
 .rodata.twiddleCoef_rfft_64
                0x0800905c      0x100 /home/levent/STM32CubeIDE/workspace_1.18.0/ADC_FFT_Project/Lib/libarm_cortexM4lf_math.a(arm_common_tables.o)
                0x0800905c                twiddleCoef_rfft_64
 .rodata.armBitRevIndexTable64
                0x0800915c       0x70 /home/levent/STM32CubeIDE/workspace_1.18.0/ADC_FFT_Project/Lib/libarm_cortexM4lf_math.a(arm_common_tables.o)
                0x0800915c                armBitRevIndexTable64
 .rodata.twiddleCoef_rfft_2048
                0x080091cc     0x2000 /home/levent/STM32CubeIDE/workspace_1.18.0/ADC_FFT_Project/Lib/libarm_cortexM4lf_math.a(arm_common_tables.o)
                0x080091cc                twiddleCoef_rfft_2048
 .rodata.twiddleCoef_rfft_4096
                0x0800b1cc     0x4000 /home/levent/STM32CubeIDE/workspace_1.18.0/ADC_FFT_Project/Lib/libarm_cortexM4lf_math.a(arm_common_tables.o)
                0x0800b1cc                twiddleCoef_rfft_4096
 .rodata.twiddleCoef_256
                0x0800f1cc      0x800 /home/levent/STM32CubeIDE/workspace_1.18.0/ADC_FFT_Project/Lib/libarm_cortexM4lf_math.a(arm_common_tables.o)
                0x0800f1cc                twiddleCoef_256
 .rodata.twiddleCoef_16
                0x0800f9cc       0x80 /home/levent/STM32CubeIDE/workspace_1.18.0/ADC_FFT_Project/Lib/libarm_cortexM4lf_math.a(arm_common_tables.o)
                0x0800f9cc                twiddleCoef_16
 .rodata.twiddleCoef_1024
                0x0800fa4c     0x2000 /home/levent/STM32CubeIDE/workspace_1.18.0/ADC_FFT_Project/Lib/libarm_cortexM4lf_math.a(arm_common_tables.o)
                0x0800fa4c                twiddleCoef_1024
 .rodata.twiddleCoef_32
                0x08011a4c      0x100 /home/levent/STM32CubeIDE/workspace_1.18.0/ADC_FFT_Project/Lib/libarm_cortexM4lf_math.a(arm_common_tables.o)
                0x08011a4c                twiddleCoef_32
 .rodata.armBitRevIndexTable1024
                0x08011b4c      0xe10 /home/levent/STM32CubeIDE/workspace_1.18.0/ADC_FFT_Project/Lib/libarm_cortexM4lf_math.a(arm_common_tables.o)
                0x08011b4c                armBitRevIndexTable1024
 .rodata.armBitRevIndexTable16
                0x0801295c       0x28 /home/levent/STM32CubeIDE/workspace_1.18.0/ADC_FFT_Project/Lib/libarm_cortexM4lf_math.a(arm_common_tables.o)
                0x0801295c                armBitRevIndexTable16
 .rodata.twiddleCoef_rfft_32
                0x08012984       0x80 /home/levent/STM32CubeIDE/workspace_1.18.0/ADC_FFT_Project/Lib/libarm_cortexM4lf_math.a(arm_common_tables.o)
                0x08012984                twiddleCoef_rfft_32
 .rodata.armBitRevIndexTable32
                0x08012a04       0x60 /home/levent/STM32CubeIDE/workspace_1.18.0/ADC_FFT_Project/Lib/libarm_cortexM4lf_math.a(arm_common_tables.o)
                0x08012a04                armBitRevIndexTable32
 .rodata.twiddleCoef_128
                0x08012a64      0x400 /home/levent/STM32CubeIDE/workspace_1.18.0/ADC_FFT_Project/Lib/libarm_cortexM4lf_math.a(arm_common_tables.o)
                0x08012a64                twiddleCoef_128
 .rodata.twiddleCoef_512
                0x08012e64     0x1000 /home/levent/STM32CubeIDE/workspace_1.18.0/ADC_FFT_Project/Lib/libarm_cortexM4lf_math.a(arm_common_tables.o)
                0x08012e64                twiddleCoef_512
 .rodata.armBitRevIndexTable2048
                0x08013e64     0x1dc0 /home/levent/STM32CubeIDE/workspace_1.18.0/ADC_FFT_Project/Lib/libarm_cortexM4lf_math.a(arm_common_tables.o)
                0x08013e64                armBitRevIndexTable2048
 .rodata.twiddleCoef_64
                0x08015c24      0x200 /home/levent/STM32CubeIDE/workspace_1.18.0/ADC_FFT_Project/Lib/libarm_cortexM4lf_math.a(arm_common_tables.o)
                0x08015c24                twiddleCoef_64
 .rodata.twiddleCoef_rfft_512
                0x08015e24      0x800 /home/levent/STM32CubeIDE/workspace_1.18.0/ADC_FFT_Project/Lib/libarm_cortexM4lf_math.a(arm_common_tables.o)
                0x08015e24                twiddleCoef_rfft_512
 .rodata.armBitRevIndexTable512
                0x08016624      0x380 /home/levent/STM32CubeIDE/workspace_1.18.0/ADC_FFT_Project/Lib/libarm_cortexM4lf_math.a(arm_common_tables.o)
                0x08016624                armBitRevIndexTable512
 .rodata.twiddleCoef_rfft_1024
                0x080169a4     0x1000 /home/levent/STM32CubeIDE/workspace_1.18.0/ADC_FFT_Project/Lib/libarm_cortexM4lf_math.a(arm_common_tables.o)
                0x080169a4                twiddleCoef_rfft_1024
 .rodata.twiddleCoef_rfft_256
                0x080179a4      0x400 /home/levent/STM32CubeIDE/workspace_1.18.0/ADC_FFT_Project/Lib/libarm_cortexM4lf_math.a(arm_common_tables.o)
                0x080179a4                twiddleCoef_rfft_256
 .rodata.armBitRevIndexTable256
                0x08017da4      0x370 /home/levent/STM32CubeIDE/workspace_1.18.0/ADC_FFT_Project/Lib/libarm_cortexM4lf_math.a(arm_common_tables.o)
                0x08017da4                armBitRevIndexTable256
 .rodata.twiddleCoef_rfft_128
                0x08018114      0x200 /home/levent/STM32CubeIDE/workspace_1.18.0/ADC_FFT_Project/Lib/libarm_cortexM4lf_math.a(arm_common_tables.o)
                0x08018114                twiddleCoef_rfft_128
 .rodata.armBitRevIndexTable128
                0x08018314      0x1a0 /home/levent/STM32CubeIDE/workspace_1.18.0/ADC_FFT_Project/Lib/libarm_cortexM4lf_math.a(arm_common_tables.o)
                0x08018314                armBitRevIndexTable128
 .rodata.npio2_hw
                0x080184b4       0x80 /opt/stm32cubeide/plugins/com.st.stm32cube.ide.mcu.externaltools.gnu-tools-for-stm32.13.3.rel1.linux64_1.0.0.202410170706/tools/bin/../lib/gcc/arm-none-eabi/13.3.1/../../../../arm-none-eabi/lib/thumb/v7e-m+fp/hard/libm.a(libm_a-ef_rem_pio2.o)
 .rodata.two_over_pi
                0x08018534      0x318 /opt/stm32cubeide/plugins/com.st.stm32cube.ide.mcu.externaltools.gnu-tools-for-stm32.13.3.rel1.linux64_1.0.0.202410170706/tools/bin/../lib/gcc/arm-none-eabi/13.3.1/../../../../arm-none-eabi/lib/thumb/v7e-m+fp/hard/libm.a(libm_a-ef_rem_pio2.o)
 .rodata.PIo2   0x0801884c       0x2c /opt/stm32cubeide/plugins/com.st.stm32cube.ide.mcu.externaltools.gnu-tools-for-stm32.13.3.rel1.linux64_1.0.0.202410170706/tools/bin/../lib/gcc/arm-none-eabi/13.3.1/../../../../arm-none-eabi/lib/thumb/v7e-m+fp/hard/libm.a(libm_a-kf_rem_pio2.o)
 .rodata.init_jk
                0x08018878        0xc /opt/stm32cubeide/plugins/com.st.stm32cube.ide.mcu.externaltools.gnu-tools-for-stm32.13.3.rel1.linux64_1.0.0.202410170706/tools/bin/../lib/gcc/arm-none-eabi/13.3.1/../../../../arm-none-eabi/lib/thumb/v7e-m+fp/hard/libm.a(libm_a-kf_rem_pio2.o)
                0x08018884                        . = ALIGN (0x4)

.ARM.extab      0x08018884        0x0
                0x08018884                        . = ALIGN (0x4)
 *(.ARM.extab* .gnu.linkonce.armextab.*)
                0x08018884                        . = ALIGN (0x4)

.ARM            0x08018884        0x8
                0x08018884                        . = ALIGN (0x4)
                0x08018884                        __exidx_start = .
 *(.ARM.exidx*)
 .ARM.exidx     0x08018884        0x8 /opt/stm32cubeide/plugins/com.st.stm32cube.ide.mcu.externaltools.gnu-tools-for-stm32.13.3.rel1.linux64_1.0.0.202410170706/tools/bin/../lib/gcc/arm-none-eabi/13.3.1/thumb/v7e-m+fp/hard/libgcc.a(_udivmoddi4.o)
                0x0801888c                        __exidx_end = .
                0x0801888c                        . = ALIGN (0x4)

.preinit_array  0x0801888c        0x0
                0x0801888c                        . = ALIGN (0x4)
                0x0801888c                        PROVIDE (__preinit_array_start = .)
 *(.preinit_array*)
                0x0801888c                        PROVIDE (__preinit_array_end = .)
                0x0801888c                        . = ALIGN (0x4)

.init_array     0x0801888c        0x4
                0x0801888c                        . = ALIGN (0x4)
                0x0801888c                        PROVIDE (__init_array_start = .)
 *(SORT_BY_NAME(.init_array.*))
 *(.init_array*)
 .init_array    0x0801888c        0x4 /opt/stm32cubeide/plugins/com.st.stm32cube.ide.mcu.externaltools.gnu-tools-for-stm32.13.3.rel1.linux64_1.0.0.202410170706/tools/bin/../lib/gcc/arm-none-eabi/13.3.1/thumb/v7e-m+fp/hard/crtbegin.o
                0x08018890                        PROVIDE (__init_array_end = .)
                0x08018890                        . = ALIGN (0x4)

.fini_array     0x08018890        0x4
                0x08018890                        . = ALIGN (0x4)
                [!provide]                        PROVIDE (__fini_array_start = .)
 *(SORT_BY_NAME(.fini_array.*))
 *(.fini_array*)
 .fini_array    0x08018890        0x4 /opt/stm32cubeide/plugins/com.st.stm32cube.ide.mcu.externaltools.gnu-tools-for-stm32.13.3.rel1.linux64_1.0.0.202410170706/tools/bin/../lib/gcc/arm-none-eabi/13.3.1/thumb/v7e-m+fp/hard/crtbegin.o
                [!provide]                        PROVIDE (__fini_array_end = .)
                0x08018894                        . = ALIGN (0x4)
                0x08018894                        _sidata = LOADADDR (.data)

.rel.dyn        0x08018894        0x0
 .rel.iplt      0x08018894        0x0 /opt/stm32cubeide/plugins/com.st.stm32cube.ide.mcu.externaltools.gnu-tools-for-stm32.13.3.rel1.linux64_1.0.0.202410170706/tools/bin/../lib/gcc/arm-none-eabi/13.3.1/thumb/v7e-m+fp/hard/crtbegin.o

.data           0x20000000       0x5c load address 0x08018894
                0x20000000                        . = ALIGN (0x4)
                0x20000000                        _sdata = .
 *(.data)
 *(.data*)
 .data.SystemCoreClock
                0x20000000        0x4 ./Core/Src/system_stm32f4xx.o
                0x20000000                SystemCoreClock
 .data.uwTickPrio
                0x20000004        0x4 ./Drivers/STM32F4xx_HAL_Driver/Src/stm32f4xx_hal.o
                0x20000004                uwTickPrio
 .data.uwTickFreq
                0x20000008        0x1 ./Drivers/STM32F4xx_HAL_Driver/Src/stm32f4xx_hal.o
                0x20000008                uwTickFreq
 *fill*         0x20000009        0x3 
 .data._impure_ptr
                0x2000000c        0x4 /opt/stm32cubeide/plugins/com.st.stm32cube.ide.mcu.externaltools.gnu-tools-for-stm32.13.3.rel1.linux64_1.0.0.202410170706/tools/bin/../lib/gcc/arm-none-eabi/13.3.1/../../../../arm-none-eabi/lib/thumb/v7e-m+fp/hard/libc_nano.a(libc_a-impure.o)
                0x2000000c                _impure_ptr
 .data._impure_data
                0x20000010       0x4c /opt/stm32cubeide/plugins/com.st.stm32cube.ide.mcu.externaltools.gnu-tools-for-stm32.13.3.rel1.linux64_1.0.0.202410170706/tools/bin/../lib/gcc/arm-none-eabi/13.3.1/../../../../arm-none-eabi/lib/thumb/v7e-m+fp/hard/libc_nano.a(libc_a-impure.o)
                0x20000010                _impure_data
 *(.RamFunc)
 *(.RamFunc*)
                0x2000005c                        . = ALIGN (0x4)
                0x2000005c                        _edata = .
                0x080188f0                        _siccmram = LOADADDR (.ccmram)

.igot.plt       0x2000005c        0x0 load address 0x080188f0
 .igot.plt      0x2000005c        0x0 /opt/stm32cubeide/plugins/com.st.stm32cube.ide.mcu.externaltools.gnu-tools-for-stm32.13.3.rel1.linux64_1.0.0.202410170706/tools/bin/../lib/gcc/arm-none-eabi/13.3.1/thumb/v7e-m+fp/hard/crtbegin.o

.ccmram         0x10000000        0x0 load address 0x080188f0
                0x10000000                        . = ALIGN (0x4)
                0x10000000                        _sccmram = .
 *(.ccmram)
 *(.ccmram*)
                0x10000000                        . = ALIGN (0x4)
                0x10000000                        _eccmram = .
                0x10000000                        . = ALIGN (0x4)

.bss            0x2000005c     0x3260
                0x2000005c                        _sbss = .
                0x2000005c                        __bss_start__ = _sbss
 *(.bss)
 .bss           0x2000005c       0x1c /opt/stm32cubeide/plugins/com.st.stm32cube.ide.mcu.externaltools.gnu-tools-for-stm32.13.3.rel1.linux64_1.0.0.202410170706/tools/bin/../lib/gcc/arm-none-eabi/13.3.1/thumb/v7e-m+fp/hard/crtbegin.o
 *(.bss*)
 .bss.hadc1     0x20000078       0x48 ./Core/Src/main.o
                0x20000078                hadc1
 .bss.hdma_adc1
                0x200000c0       0x60 ./Core/Src/main.o
                0x200000c0                hdma_adc1
 .bss.htim2     0x20000120       0x48 ./Core/Src/main.o
                0x20000120                htim2
 .bss.adc_buffer
                0x20000168      0x800 ./Core/Src/main.o
 .bss.time_buf  0x20000968     0x1000 ./Core/Src/main.o
 .bss.fft_out   0x20001968     0x1000 ./Core/Src/main.o
 .bss.mag       0x20002968      0x800 ./Core/Src/main.o
 .bss.smoothB   0x20003168       0x10 ./Core/Src/main.o
 .bss.data_ready
                0x20003178        0x1 ./Core/Src/main.o
                0x20003178                data_ready
 *fill*         0x20003179        0x3 
 .bss.detectedFreq
                0x2000317c        0x4 ./Core/Src/main.o
                0x2000317c                detectedFreq
 .bss.uwTick    0x20003180        0x4 ./Drivers/STM32F4xx_HAL_Driver/Src/stm32f4xx_hal.o
                0x20003180                uwTick
 .bss.__sf      0x20003184      0x138 /opt/stm32cubeide/plugins/com.st.stm32cube.ide.mcu.externaltools.gnu-tools-for-stm32.13.3.rel1.linux64_1.0.0.202410170706/tools/bin/../lib/gcc/arm-none-eabi/13.3.1/../../../../arm-none-eabi/lib/thumb/v7e-m+fp/hard/libc_nano.a(libc_a-findfp.o)
                0x20003184                __sf
 *(COMMON)
                0x200032bc                        . = ALIGN (0x4)
                0x200032bc                        _ebss = .
                0x200032bc                        __bss_end__ = _ebss

._user_heap_stack
                0x200032bc      0x604
                0x200032c0                        . = ALIGN (0x8)
 *fill*         0x200032bc        0x4 
                [!provide]                        PROVIDE (end = .)
                0x200032c0                        PROVIDE (_end = .)
                0x200034c0                        . = (. + _Min_Heap_Size)
 *fill*         0x200032c0      0x200 
                0x200038c0                        . = (. + _Min_Stack_Size)
 *fill*         0x200034c0      0x400 
                0x200038c0                        . = ALIGN (0x8)

/DISCARD/
 libc.a(*)
 libm.a(*)
 libgcc.a(*)

.ARM.attributes
                0x00000000       0x30
 *(.ARM.attributes)
 .ARM.attributes
                0x00000000       0x22 /opt/stm32cubeide/plugins/com.st.stm32cube.ide.mcu.externaltools.gnu-tools-for-stm32.13.3.rel1.linux64_1.0.0.202410170706/tools/bin/../lib/gcc/arm-none-eabi/13.3.1/thumb/v7e-m+fp/hard/crti.o
 .ARM.attributes
                0x00000022       0x34 /opt/stm32cubeide/plugins/com.st.stm32cube.ide.mcu.externaltools.gnu-tools-for-stm32.13.3.rel1.linux64_1.0.0.202410170706/tools/bin/../lib/gcc/arm-none-eabi/13.3.1/thumb/v7e-m+fp/hard/crtbegin.o
 .ARM.attributes
                0x00000056       0x34 ./Core/Src/main.o
 .ARM.attributes
                0x0000008a       0x34 ./Core/Src/stm32f4xx_hal_msp.o
 .ARM.attributes
                0x000000be       0x34 ./Core/Src/stm32f4xx_it.o
 .ARM.attributes
                0x000000f2       0x34 ./Core/Src/system_stm32f4xx.o
 .ARM.attributes
                0x00000126       0x21 ./Core/Startup/startup_stm32f407vgtx.o
 .ARM.attributes
                0x00000147       0x34 ./Drivers/STM32F4xx_HAL_Driver/Src/stm32f4xx_hal.o
 .ARM.attributes
                0x0000017b       0x34 ./Drivers/STM32F4xx_HAL_Driver/Src/stm32f4xx_hal_adc.o
 .ARM.attributes
                0x000001af       0x34 ./Drivers/STM32F4xx_HAL_Driver/Src/stm32f4xx_hal_cortex.o
 .ARM.attributes
                0x000001e3       0x34 ./Drivers/STM32F4xx_HAL_Driver/Src/stm32f4xx_hal_dma.o
 .ARM.attributes
                0x00000217       0x34 ./Drivers/STM32F4xx_HAL_Driver/Src/stm32f4xx_hal_gpio.o
 .ARM.attributes
                0x0000024b       0x34 ./Drivers/STM32F4xx_HAL_Driver/Src/stm32f4xx_hal_rcc.o
 .ARM.attributes
                0x0000027f       0x34 ./Drivers/STM32F4xx_HAL_Driver/Src/stm32f4xx_hal_tim.o
 .ARM.attributes
                0x000002b3       0x34 ./Drivers/STM32F4xx_HAL_Driver/Src/stm32f4xx_hal_tim_ex.o
 .ARM.attributes
                0x000002e7       0x39 /home/levent/STM32CubeIDE/workspace_1.18.0/ADC_FFT_Project/Lib/libarm_cortexM4lf_math.a(arm_rfft_fast_init_f32.o)
 .ARM.attributes
                0x00000320       0x39 /home/levent/STM32CubeIDE/workspace_1.18.0/ADC_FFT_Project/Lib/libarm_cortexM4lf_math.a(arm_rfft_fast_f32.o)
 .ARM.attributes
                0x00000359       0x39 /home/levent/STM32CubeIDE/workspace_1.18.0/ADC_FFT_Project/Lib/libarm_cortexM4lf_math.a(arm_cfft_f32.o)
 .ARM.attributes
                0x00000392       0x39 /home/levent/STM32CubeIDE/workspace_1.18.0/ADC_FFT_Project/Lib/libarm_cortexM4lf_math.a(arm_common_tables.o)
 .ARM.attributes
                0x000003cb       0x25 /home/levent/STM32CubeIDE/workspace_1.18.0/ADC_FFT_Project/Lib/libarm_cortexM4lf_math.a(arm_bitreversal2.o)
 .ARM.attributes
                0x000003f0       0x39 /home/levent/STM32CubeIDE/workspace_1.18.0/ADC_FFT_Project/Lib/libarm_cortexM4lf_math.a(arm_cfft_radix8_f32.o)
 .ARM.attributes
                0x00000429       0x34 /opt/stm32cubeide/plugins/com.st.stm32cube.ide.mcu.externaltools.gnu-tools-for-stm32.13.3.rel1.linux64_1.0.0.202410170706/tools/bin/../lib/gcc/arm-none-eabi/13.3.1/../../../../arm-none-eabi/lib/thumb/v7e-m+fp/hard/libc_nano.a(libc_a-findfp.o)
 .ARM.attributes
                0x0000045d       0x34 /opt/stm32cubeide/plugins/com.st.stm32cube.ide.mcu.externaltools.gnu-tools-for-stm32.13.3.rel1.linux64_1.0.0.202410170706/tools/bin/../lib/gcc/arm-none-eabi/13.3.1/../../../../arm-none-eabi/lib/thumb/v7e-m+fp/hard/libc_nano.a(libc_a-memset.o)
 .ARM.attributes
                0x00000491       0x34 /opt/stm32cubeide/plugins/com.st.stm32cube.ide.mcu.externaltools.gnu-tools-for-stm32.13.3.rel1.linux64_1.0.0.202410170706/tools/bin/../lib/gcc/arm-none-eabi/13.3.1/../../../../arm-none-eabi/lib/thumb/v7e-m+fp/hard/libc_nano.a(libc_a-impure.o)
 .ARM.attributes
                0x000004c5       0x34 /opt/stm32cubeide/plugins/com.st.stm32cube.ide.mcu.externaltools.gnu-tools-for-stm32.13.3.rel1.linux64_1.0.0.202410170706/tools/bin/../lib/gcc/arm-none-eabi/13.3.1/../../../../arm-none-eabi/lib/thumb/v7e-m+fp/hard/libc_nano.a(libc_a-errno.o)
 .ARM.attributes
                0x000004f9       0x34 /opt/stm32cubeide/plugins/com.st.stm32cube.ide.mcu.externaltools.gnu-tools-for-stm32.13.3.rel1.linux64_1.0.0.202410170706/tools/bin/../lib/gcc/arm-none-eabi/13.3.1/../../../../arm-none-eabi/lib/thumb/v7e-m+fp/hard/libc_nano.a(libc_a-init.o)
 .ARM.attributes
                0x0000052d       0x34 /opt/stm32cubeide/plugins/com.st.stm32cube.ide.mcu.externaltools.gnu-tools-for-stm32.13.3.rel1.linux64_1.0.0.202410170706/tools/bin/../lib/gcc/arm-none-eabi/13.3.1/../../../../arm-none-eabi/lib/thumb/v7e-m+fp/hard/libm.a(libm_a-wf_sqrt.o)
 .ARM.attributes
                0x00000561       0x34 /opt/stm32cubeide/plugins/com.st.stm32cube.ide.mcu.externaltools.gnu-tools-for-stm32.13.3.rel1.linux64_1.0.0.202410170706/tools/bin/../lib/gcc/arm-none-eabi/13.3.1/../../../../arm-none-eabi/lib/thumb/v7e-m+fp/hard/libm.a(libm_a-sf_cos.o)
 .ARM.attributes
                0x00000595       0x34 /opt/stm32cubeide/plugins/com.st.stm32cube.ide.mcu.externaltools.gnu-tools-for-stm32.13.3.rel1.linux64_1.0.0.202410170706/tools/bin/../lib/gcc/arm-none-eabi/13.3.1/../../../../arm-none-eabi/lib/thumb/v7e-m+fp/hard/libm.a(libm_a-ef_sqrt.o)
 .ARM.attributes
                0x000005c9       0x34 /opt/stm32cubeide/plugins/com.st.stm32cube.ide.mcu.externaltools.gnu-tools-for-stm32.13.3.rel1.linux64_1.0.0.202410170706/tools/bin/../lib/gcc/arm-none-eabi/13.3.1/../../../../arm-none-eabi/lib/thumb/v7e-m+fp/hard/libm.a(libm_a-kf_cos.o)
 .ARM.attributes
                0x000005fd       0x34 /opt/stm32cubeide/plugins/com.st.stm32cube.ide.mcu.externaltools.gnu-tools-for-stm32.13.3.rel1.linux64_1.0.0.202410170706/tools/bin/../lib/gcc/arm-none-eabi/13.3.1/../../../../arm-none-eabi/lib/thumb/v7e-m+fp/hard/libm.a(libm_a-kf_sin.o)
 .ARM.attributes
                0x00000631       0x34 /opt/stm32cubeide/plugins/com.st.stm32cube.ide.mcu.externaltools.gnu-tools-for-stm32.13.3.rel1.linux64_1.0.0.202410170706/tools/bin/../lib/gcc/arm-none-eabi/13.3.1/../../../../arm-none-eabi/lib/thumb/v7e-m+fp/hard/libm.a(libm_a-ef_rem_pio2.o)
 .ARM.attributes
                0x00000665       0x34 /opt/stm32cubeide/plugins/com.st.stm32cube.ide.mcu.externaltools.gnu-tools-for-stm32.13.3.rel1.linux64_1.0.0.202410170706/tools/bin/../lib/gcc/arm-none-eabi/13.3.1/../../../../arm-none-eabi/lib/thumb/v7e-m+fp/hard/libm.a(libm_a-sf_fabs.o)
 .ARM.attributes
                0x00000699       0x34 /opt/stm32cubeide/plugins/com.st.stm32cube.ide.mcu.externaltools.gnu-tools-for-stm32.13.3.rel1.linux64_1.0.0.202410170706/tools/bin/../lib/gcc/arm-none-eabi/13.3.1/../../../../arm-none-eabi/lib/thumb/v7e-m+fp/hard/libm.a(libm_a-kf_rem_pio2.o)
 .ARM.attributes
                0x000006cd       0x34 /opt/stm32cubeide/plugins/com.st.stm32cube.ide.mcu.externaltools.gnu-tools-for-stm32.13.3.rel1.linux64_1.0.0.202410170706/tools/bin/../lib/gcc/arm-none-eabi/13.3.1/../../../../arm-none-eabi/lib/thumb/v7e-m+fp/hard/libm.a(libm_a-sf_scalbn.o)
 .ARM.attributes
                0x00000701       0x34 /opt/stm32cubeide/plugins/com.st.stm32cube.ide.mcu.externaltools.gnu-tools-for-stm32.13.3.rel1.linux64_1.0.0.202410170706/tools/bin/../lib/gcc/arm-none-eabi/13.3.1/../../../../arm-none-eabi/lib/thumb/v7e-m+fp/hard/libm.a(libm_a-sf_floor.o)
 .ARM.attributes
                0x00000735       0x22 /opt/stm32cubeide/plugins/com.st.stm32cube.ide.mcu.externaltools.gnu-tools-for-stm32.13.3.rel1.linux64_1.0.0.202410170706/tools/bin/../lib/gcc/arm-none-eabi/13.3.1/thumb/v7e-m+fp/hard/libgcc.a(_aeabi_uldivmod.o)
 .ARM.attributes
                0x00000757       0x34 /opt/stm32cubeide/plugins/com.st.stm32cube.ide.mcu.externaltools.gnu-tools-for-stm32.13.3.rel1.linux64_1.0.0.202410170706/tools/bin/../lib/gcc/arm-none-eabi/13.3.1/thumb/v7e-m+fp/hard/libgcc.a(_udivmoddi4.o)
 .ARM.attributes
                0x0000078b       0x22 /opt/stm32cubeide/plugins/com.st.stm32cube.ide.mcu.externaltools.gnu-tools-for-stm32.13.3.rel1.linux64_1.0.0.202410170706/tools/bin/../lib/gcc/arm-none-eabi/13.3.1/thumb/v7e-m+fp/hard/libgcc.a(_dvmd_tls.o)
 .ARM.attributes
                0x000007ad       0x22 /opt/stm32cubeide/plugins/com.st.stm32cube.ide.mcu.externaltools.gnu-tools-for-stm32.13.3.rel1.linux64_1.0.0.202410170706/tools/bin/../lib/gcc/arm-none-eabi/13.3.1/thumb/v7e-m+fp/hard/crtn.o
OUTPUT(ADC_FFT_Project.elf elf32-littlearm)
LOAD linker stubs
LOAD /opt/stm32cubeide/plugins/com.st.stm32cube.ide.mcu.externaltools.gnu-tools-for-stm32.13.3.rel1.linux64_1.0.0.202410170706/tools/bin/../lib/gcc/arm-none-eabi/13.3.1/../../../../arm-none-eabi/lib/thumb/v7e-m+fp/hard/libc.a
LOAD /opt/stm32cubeide/plugins/com.st.stm32cube.ide.mcu.externaltools.gnu-tools-for-stm32.13.3.rel1.linux64_1.0.0.202410170706/tools/bin/../lib/gcc/arm-none-eabi/13.3.1/../../../../arm-none-eabi/lib/thumb/v7e-m+fp/hard/libm.a
LOAD /opt/stm32cubeide/plugins/com.st.stm32cube.ide.mcu.externaltools.gnu-tools-for-stm32.13.3.rel1.linux64_1.0.0.202410170706/tools/bin/../lib/gcc/arm-none-eabi/13.3.1/thumb/v7e-m+fp/hard/libgcc.a

.debug_info     0x00000000     0xc8f3
 .debug_info    0x00000000     0x178c ./Core/Src/main.o
 .debug_info    0x0000178c      0xd23 ./Core/Src/stm32f4xx_hal_msp.o
 .debug_info    0x000024af      0x3a9 ./Core/Src/stm32f4xx_it.o
 .debug_info    0x00002858      0x512 ./Core/Src/system_stm32f4xx.o
 .debug_info    0x00002d6a       0x30 ./Core/Startup/startup_stm32f407vgtx.o
 .debug_info    0x00002d9a      0x944 ./Drivers/STM32F4xx_HAL_Driver/Src/stm32f4xx_hal.o
 .debug_info    0x000036de      0xcd4 ./Drivers/STM32F4xx_HAL_Driver/Src/stm32f4xx_hal_adc.o
 .debug_info    0x000043b2      0xd8c ./Drivers/STM32F4xx_HAL_Driver/Src/stm32f4xx_hal_cortex.o
 .debug_info    0x0000513e      0x8e7 ./Drivers/STM32F4xx_HAL_Driver/Src/stm32f4xx_hal_dma.o
 .debug_info    0x00005a25      0x6c3 ./Drivers/STM32F4xx_HAL_Driver/Src/stm32f4xx_hal_gpio.o
 .debug_info    0x000060e8      0x8af ./Drivers/STM32F4xx_HAL_Driver/Src/stm32f4xx_hal_rcc.o
 .debug_info    0x00006997     0x299d ./Drivers/STM32F4xx_HAL_Driver/Src/stm32f4xx_hal_tim.o
 .debug_info    0x00009334     0x14db ./Drivers/STM32F4xx_HAL_Driver/Src/stm32f4xx_hal_tim_ex.o
 .debug_info    0x0000a80f      0x4c3 /home/levent/STM32CubeIDE/workspace_1.18.0/ADC_FFT_Project/Lib/libarm_cortexM4lf_math.a(arm_rfft_fast_init_f32.o)
 .debug_info    0x0000acd2      0x72d /home/levent/STM32CubeIDE/workspace_1.18.0/ADC_FFT_Project/Lib/libarm_cortexM4lf_math.a(arm_rfft_fast_f32.o)
 .debug_info    0x0000b3ff      0x6b9 /home/levent/STM32CubeIDE/workspace_1.18.0/ADC_FFT_Project/Lib/libarm_cortexM4lf_math.a(arm_cfft_f32.o)
 .debug_info    0x0000bab8      0x99d /home/levent/STM32CubeIDE/workspace_1.18.0/ADC_FFT_Project/Lib/libarm_cortexM4lf_math.a(arm_common_tables.o)
 .debug_info    0x0000c455       0x85 /home/levent/STM32CubeIDE/workspace_1.18.0/ADC_FFT_Project/Lib/libarm_cortexM4lf_math.a(arm_bitreversal2.o)
 .debug_info    0x0000c4da      0x419 /home/levent/STM32CubeIDE/workspace_1.18.0/ADC_FFT_Project/Lib/libarm_cortexM4lf_math.a(arm_cfft_radix8_f32.o)

.debug_abbrev   0x00000000     0x2003
 .debug_abbrev  0x00000000      0x28c ./Core/Src/main.o
 .debug_abbrev  0x0000028c      0x213 ./Core/Src/stm32f4xx_hal_msp.o
 .debug_abbrev  0x0000049f      0x169 ./Core/Src/stm32f4xx_it.o
 .debug_abbrev  0x00000608      0x11a ./Core/Src/system_stm32f4xx.o
 .debug_abbrev  0x00000722       0x24 ./Core/Startup/startup_stm32f407vgtx.o
 .debug_abbrev  0x00000746      0x214 ./Drivers/STM32F4xx_HAL_Driver/Src/stm32f4xx_hal.o
 .debug_abbrev  0x0000095a      0x252 ./Drivers/STM32F4xx_HAL_Driver/Src/stm32f4xx_hal_adc.o
 .debug_abbrev  0x00000bac      0x31d ./Drivers/STM32F4xx_HAL_Driver/Src/stm32f4xx_hal_cortex.o
 .debug_abbrev  0x00000ec9      0x264 ./Drivers/STM32F4xx_HAL_Driver/Src/stm32f4xx_hal_dma.o
 .debug_abbrev  0x0000112d      0x1d4 ./Drivers/STM32F4xx_HAL_Driver/Src/stm32f4xx_hal_gpio.o
 .debug_abbrev  0x00001301      0x2b7 ./Drivers/STM32F4xx_HAL_Driver/Src/stm32f4xx_hal_rcc.o
 .debug_abbrev  0x000015b8      0x278 ./Drivers/STM32F4xx_HAL_Driver/Src/stm32f4xx_hal_tim.o
 .debug_abbrev  0x00001830      0x283 ./Drivers/STM32F4xx_HAL_Driver/Src/stm32f4xx_hal_tim_ex.o
 .debug_abbrev  0x00001ab3       0xfd /home/levent/STM32CubeIDE/workspace_1.18.0/ADC_FFT_Project/Lib/libarm_cortexM4lf_math.a(arm_rfft_fast_init_f32.o)
 .debug_abbrev  0x00001bb0      0x188 /home/levent/STM32CubeIDE/workspace_1.18.0/ADC_FFT_Project/Lib/libarm_cortexM4lf_math.a(arm_rfft_fast_f32.o)
 .debug_abbrev  0x00001d38      0x18b /home/levent/STM32CubeIDE/workspace_1.18.0/ADC_FFT_Project/Lib/libarm_cortexM4lf_math.a(arm_cfft_f32.o)
 .debug_abbrev  0x00001ec3       0x84 /home/levent/STM32CubeIDE/workspace_1.18.0/ADC_FFT_Project/Lib/libarm_cortexM4lf_math.a(arm_common_tables.o)
 .debug_abbrev  0x00001f47       0x14 /home/levent/STM32CubeIDE/workspace_1.18.0/ADC_FFT_Project/Lib/libarm_cortexM4lf_math.a(arm_bitreversal2.o)
 .debug_abbrev  0x00001f5b       0xa8 /home/levent/STM32CubeIDE/workspace_1.18.0/ADC_FFT_Project/Lib/libarm_cortexM4lf_math.a(arm_cfft_radix8_f32.o)

.debug_aranges  0x00000000      0xbd8
 .debug_aranges
                0x00000000       0x58 ./Core/Src/main.o
 .debug_aranges
                0x00000058       0x40 ./Core/Src/stm32f4xx_hal_msp.o
 .debug_aranges
                0x00000098       0x68 ./Core/Src/stm32f4xx_it.o
 .debug_aranges
                0x00000100       0x28 ./Core/Src/system_stm32f4xx.o
 .debug_aranges
                0x00000128       0x28 ./Core/Startup/startup_stm32f407vgtx.o
 .debug_aranges
                0x00000150       0xf0 ./Drivers/STM32F4xx_HAL_Driver/Src/stm32f4xx_hal.o
 .debug_aranges
                0x00000240       0xe8 ./Drivers/STM32F4xx_HAL_Driver/Src/stm32f4xx_hal_adc.o
 .debug_aranges
                0x00000328      0x130 ./Drivers/STM32F4xx_HAL_Driver/Src/stm32f4xx_hal_cortex.o
 .debug_aranges
                0x00000458       0x90 ./Drivers/STM32F4xx_HAL_Driver/Src/stm32f4xx_hal_dma.o
 .debug_aranges
                0x000004e8       0x58 ./Drivers/STM32F4xx_HAL_Driver/Src/stm32f4xx_hal_gpio.o
 .debug_aranges
                0x00000540       0x88 ./Drivers/STM32F4xx_HAL_Driver/Src/stm32f4xx_hal_rcc.o
 .debug_aranges
                0x000005c8      0x3d0 ./Drivers/STM32F4xx_HAL_Driver/Src/stm32f4xx_hal_tim.o
 .debug_aranges
                0x00000998      0x168 ./Drivers/STM32F4xx_HAL_Driver/Src/stm32f4xx_hal_tim_ex.o
 .debug_aranges
                0x00000b00       0x20 /home/levent/STM32CubeIDE/workspace_1.18.0/ADC_FFT_Project/Lib/libarm_cortexM4lf_math.a(arm_rfft_fast_init_f32.o)
 .debug_aranges
                0x00000b20       0x30 /home/levent/STM32CubeIDE/workspace_1.18.0/ADC_FFT_Project/Lib/libarm_cortexM4lf_math.a(arm_rfft_fast_f32.o)
 .debug_aranges
                0x00000b50       0x30 /home/levent/STM32CubeIDE/workspace_1.18.0/ADC_FFT_Project/Lib/libarm_cortexM4lf_math.a(arm_cfft_f32.o)
 .debug_aranges
                0x00000b80       0x18 /home/levent/STM32CubeIDE/workspace_1.18.0/ADC_FFT_Project/Lib/libarm_cortexM4lf_math.a(arm_common_tables.o)
 .debug_aranges
                0x00000b98       0x20 /home/levent/STM32CubeIDE/workspace_1.18.0/ADC_FFT_Project/Lib/libarm_cortexM4lf_math.a(arm_bitreversal2.o)
 .debug_aranges
                0x00000bb8       0x20 /home/levent/STM32CubeIDE/workspace_1.18.0/ADC_FFT_Project/Lib/libarm_cortexM4lf_math.a(arm_cfft_radix8_f32.o)

.debug_rnglists
                0x00000000      0x883
 .debug_rnglists
                0x00000000       0x43 ./Core/Src/main.o
 .debug_rnglists
                0x00000043       0x2c ./Core/Src/stm32f4xx_hal_msp.o
 .debug_rnglists
                0x0000006f       0x49 ./Core/Src/stm32f4xx_it.o
 .debug_rnglists
                0x000000b8       0x1a ./Core/Src/system_stm32f4xx.o
 .debug_rnglists
                0x000000d2       0x19 ./Core/Startup/startup_stm32f407vgtx.o
 .debug_rnglists
                0x000000eb       0xaf ./Drivers/STM32F4xx_HAL_Driver/Src/stm32f4xx_hal.o
 .debug_rnglists
                0x0000019a       0xb5 ./Drivers/STM32F4xx_HAL_Driver/Src/stm32f4xx_hal_adc.o
 .debug_rnglists
                0x0000024f       0xe0 ./Drivers/STM32F4xx_HAL_Driver/Src/stm32f4xx_hal_cortex.o
 .debug_rnglists
                0x0000032f       0x70 ./Drivers/STM32F4xx_HAL_Driver/Src/stm32f4xx_hal_dma.o
 .debug_rnglists
                0x0000039f       0x3f ./Drivers/STM32F4xx_HAL_Driver/Src/stm32f4xx_hal_gpio.o
 .debug_rnglists
                0x000003de       0x66 ./Drivers/STM32F4xx_HAL_Driver/Src/stm32f4xx_hal_rcc.o
 .debug_rnglists
                0x00000444      0x31a ./Drivers/STM32F4xx_HAL_Driver/Src/stm32f4xx_hal_tim.o
 .debug_rnglists
                0x0000075e      0x125 ./Drivers/STM32F4xx_HAL_Driver/Src/stm32f4xx_hal_tim_ex.o

.debug_macro    0x00000000    0x21dda
 .debug_macro   0x00000000      0x30b ./Core/Src/main.o
 .debug_macro   0x0000030b      0xade ./Core/Src/main.o
 .debug_macro   0x00000de9      0x29b ./Core/Src/main.o
 .debug_macro   0x00001084       0x2e ./Core/Src/main.o
 .debug_macro   0x000010b2       0x2f ./Core/Src/main.o
 .debug_macro   0x000010e1       0x22 ./Core/Src/main.o
 .debug_macro   0x00001103       0x8e ./Core/Src/main.o
 .debug_macro   0x00001191       0x51 ./Core/Src/main.o
 .debug_macro   0x000011e2      0x103 ./Core/Src/main.o
 .debug_macro   0x000012e5       0x6a ./Core/Src/main.o
 .debug_macro   0x0000134f      0x1df ./Core/Src/main.o
 .debug_macro   0x0000152e       0x1c ./Core/Src/main.o
 .debug_macro   0x0000154a       0x22 ./Core/Src/main.o
 .debug_macro   0x0000156c       0xfb ./Core/Src/main.o
 .debug_macro   0x00001667     0x1011 ./Core/Src/main.o
 .debug_macro   0x00002678      0x11f ./Core/Src/main.o
 .debug_macro   0x00002797    0x15e97 ./Core/Src/main.o
 .debug_macro   0x0001862e       0x6d ./Core/Src/main.o
 .debug_macro   0x0001869b     0x369a ./Core/Src/main.o
 .debug_macro   0x0001bd35      0x190 ./Core/Src/main.o
 .debug_macro   0x0001bec5       0x5c ./Core/Src/main.o
 .debug_macro   0x0001bf21      0x980 ./Core/Src/main.o
 .debug_macro   0x0001c8a1      0x9e9 ./Core/Src/main.o
 .debug_macro   0x0001d28a      0x115 ./Core/Src/main.o
 .debug_macro   0x0001d39f      0x13e ./Core/Src/main.o
 .debug_macro   0x0001d4dd       0xa5 ./Core/Src/main.o
 .debug_macro   0x0001d582      0x174 ./Core/Src/main.o
 .debug_macro   0x0001d6f6      0x287 ./Core/Src/main.o
 .debug_macro   0x0001d97d       0x5f ./Core/Src/main.o
 .debug_macro   0x0001d9dc      0x236 ./Core/Src/main.o
 .debug_macro   0x0001dc12      0xb5b ./Core/Src/main.o
 .debug_macro   0x0001e76d      0x38b ./Core/Src/main.o
 .debug_macro   0x0001eaf8      0x176 ./Core/Src/main.o
 .debug_macro   0x0001ec6e       0xf9 ./Core/Src/main.o
 .debug_macro   0x0001ed67      0x12c ./Core/Src/main.o
 .debug_macro   0x0001ee93      0x21e ./Core/Src/main.o
 .debug_macro   0x0001f0b1       0x2e ./Core/Src/main.o
 .debug_macro   0x0001f0df      0x127 ./Core/Src/main.o
 .debug_macro   0x0001f206       0x7e ./Core/Src/main.o
 .debug_macro   0x0001f284       0x89 ./Core/Src/main.o
 .debug_macro   0x0001f30d      0x8ed ./Core/Src/main.o
 .debug_macro   0x0001fbfa       0x4d ./Core/Src/main.o
 .debug_macro   0x0001fc47      0x12d ./Core/Src/main.o
 .debug_macro   0x0001fd74       0x12 ./Core/Src/main.o
 .debug_macro   0x0001fd86       0x61 ./Core/Src/main.o
 .debug_macro   0x0001fde7       0x2a ./Core/Src/main.o
 .debug_macro   0x0001fe11       0x43 ./Core/Src/main.o
 .debug_macro   0x0001fe54       0x34 ./Core/Src/main.o
 .debug_macro   0x0001fe88      0x370 ./Core/Src/main.o
 .debug_macro   0x000201f8       0x16 ./Core/Src/main.o
 .debug_macro   0x0002020e       0x4a ./Core/Src/main.o
 .debug_macro   0x00020258       0x34 ./Core/Src/main.o
 .debug_macro   0x0002028c       0x10 ./Core/Src/main.o
 .debug_macro   0x0002029c       0x58 ./Core/Src/main.o
 .debug_macro   0x000202f4       0x8e ./Core/Src/main.o
 .debug_macro   0x00020382       0x1c ./Core/Src/main.o
 .debug_macro   0x0002039e      0x185 ./Core/Src/main.o
 .debug_macro   0x00020523       0x10 ./Core/Src/main.o
 .debug_macro   0x00020533       0x3c ./Core/Src/main.o
 .debug_macro   0x0002056f       0x20 ./Core/Src/main.o
 .debug_macro   0x0002058f      0x19b ./Core/Src/main.o
 .debug_macro   0x0002072a       0xd6 ./Core/Src/main.o
 .debug_macro   0x00020800      0x1f6 ./Core/Src/stm32f4xx_hal_msp.o
 .debug_macro   0x000209f6      0x200 ./Core/Src/stm32f4xx_it.o
 .debug_macro   0x00020bf6      0x1f2 ./Core/Src/system_stm32f4xx.o
 .debug_macro   0x00020de8      0x24c ./Drivers/STM32F4xx_HAL_Driver/Src/stm32f4xx_hal.o
 .debug_macro   0x00021034      0x1ed ./Drivers/STM32F4xx_HAL_Driver/Src/stm32f4xx_hal_adc.o
 .debug_macro   0x00021221      0x1ec ./Drivers/STM32F4xx_HAL_Driver/Src/stm32f4xx_hal_cortex.o
 .debug_macro   0x0002140d      0x1f2 ./Drivers/STM32F4xx_HAL_Driver/Src/stm32f4xx_hal_dma.o
 .debug_macro   0x000215ff      0x1f2 ./Drivers/STM32F4xx_HAL_Driver/Src/stm32f4xx_hal_gpio.o
 .debug_macro   0x000217f1      0x210 ./Drivers/STM32F4xx_HAL_Driver/Src/stm32f4xx_hal_rcc.o
 .debug_macro   0x00021a01      0x1ed ./Drivers/STM32F4xx_HAL_Driver/Src/stm32f4xx_hal_tim.o
 .debug_macro   0x00021bee      0x1ec ./Drivers/STM32F4xx_HAL_Driver/Src/stm32f4xx_hal_tim_ex.o

.debug_line     0x00000000     0xd47c
 .debug_line    0x00000000      0xb76 ./Core/Src/main.o
 .debug_line    0x00000b76      0x73d ./Core/Src/stm32f4xx_hal_msp.o
 .debug_line    0x000012b3      0x759 ./Core/Src/stm32f4xx_it.o
 .debug_line    0x00001a0c      0x717 ./Core/Src/system_stm32f4xx.o
 .debug_line    0x00002123       0x7a ./Core/Startup/startup_stm32f407vgtx.o
 .debug_line    0x0000219d      0x984 ./Drivers/STM32F4xx_HAL_Driver/Src/stm32f4xx_hal.o
 .debug_line    0x00002b21     0x1198 ./Drivers/STM32F4xx_HAL_Driver/Src/stm32f4xx_hal_adc.o
 .debug_line    0x00003cb9      0xc54 ./Drivers/STM32F4xx_HAL_Driver/Src/stm32f4xx_hal_cortex.o
 .debug_line    0x0000490d      0xef0 ./Drivers/STM32F4xx_HAL_Driver/Src/stm32f4xx_hal_dma.o
 .debug_line    0x000057fd      0xadc ./Drivers/STM32F4xx_HAL_Driver/Src/stm32f4xx_hal_gpio.o
 .debug_line    0x000062d9      0xd93 ./Drivers/STM32F4xx_HAL_Driver/Src/stm32f4xx_hal_rcc.o
 .debug_line    0x0000706c     0x3701 ./Drivers/STM32F4xx_HAL_Driver/Src/stm32f4xx_hal_tim.o
 .debug_line    0x0000a76d     0x18e4 ./Drivers/STM32F4xx_HAL_Driver/Src/stm32f4xx_hal_tim_ex.o
 .debug_line    0x0000c051      0x1ab /home/levent/STM32CubeIDE/workspace_1.18.0/ADC_FFT_Project/Lib/libarm_cortexM4lf_math.a(arm_rfft_fast_init_f32.o)
 .debug_line    0x0000c1fc      0x2c2 /home/levent/STM32CubeIDE/workspace_1.18.0/ADC_FFT_Project/Lib/libarm_cortexM4lf_math.a(arm_rfft_fast_f32.o)
 .debug_line    0x0000c4be      0x77e /home/levent/STM32CubeIDE/workspace_1.18.0/ADC_FFT_Project/Lib/libarm_cortexM4lf_math.a(arm_cfft_f32.o)
 .debug_line    0x0000cc3c      0x12e /home/levent/STM32CubeIDE/workspace_1.18.0/ADC_FFT_Project/Lib/libarm_cortexM4lf_math.a(arm_common_tables.o)
 .debug_line    0x0000cd6a       0x98 /home/levent/STM32CubeIDE/workspace_1.18.0/ADC_FFT_Project/Lib/libarm_cortexM4lf_math.a(arm_bitreversal2.o)
 .debug_line    0x0000ce02      0x67a /home/levent/STM32CubeIDE/workspace_1.18.0/ADC_FFT_Project/Lib/libarm_cortexM4lf_math.a(arm_cfft_radix8_f32.o)

.debug_str      0x00000000    0xd63ad
 .debug_str     0x00000000    0xd63ad ./Core/Src/main.o
                              0xd37c0 (size before relaxing)
 .debug_str     0x000d63ad    0xcee1d ./Core/Src/stm32f4xx_hal_msp.o
 .debug_str     0x000d63ad    0xce82e ./Core/Src/stm32f4xx_it.o
 .debug_str     0x000d63ad    0xce6c3 ./Core/Src/system_stm32f4xx.o
 .debug_str     0x000d63ad       0x85 ./Core/Startup/startup_stm32f407vgtx.o
 .debug_str     0x000d63ad    0xcf247 ./Drivers/STM32F4xx_HAL_Driver/Src/stm32f4xx_hal.o
 .debug_str     0x000d63ad    0xcecb0 ./Drivers/STM32F4xx_HAL_Driver/Src/stm32f4xx_hal_adc.o
 .debug_str     0x000d63ad    0xcefc3 ./Drivers/STM32F4xx_HAL_Driver/Src/stm32f4xx_hal_cortex.o
 .debug_str     0x000d63ad    0xceadd ./Drivers/STM32F4xx_HAL_Driver/Src/stm32f4xx_hal_dma.o
 .debug_str     0x000d63ad    0xce83e ./Drivers/STM32F4xx_HAL_Driver/Src/stm32f4xx_hal_gpio.o
 .debug_str     0x000d63ad    0xceaf7 ./Drivers/STM32F4xx_HAL_Driver/Src/stm32f4xx_hal_rcc.o
 .debug_str     0x000d63ad    0xcfa4d ./Drivers/STM32F4xx_HAL_Driver/Src/stm32f4xx_hal_tim.o
 .debug_str     0x000d63ad    0xcf259 ./Drivers/STM32F4xx_HAL_Driver/Src/stm32f4xx_hal_tim_ex.o
 .debug_str     0x000d63ad      0x517 /home/levent/STM32CubeIDE/workspace_1.18.0/ADC_FFT_Project/Lib/libarm_cortexM4lf_math.a(arm_rfft_fast_init_f32.o)
 .debug_str     0x000d63ad      0x2f4 /home/levent/STM32CubeIDE/workspace_1.18.0/ADC_FFT_Project/Lib/libarm_cortexM4lf_math.a(arm_rfft_fast_f32.o)
 .debug_str     0x000d63ad      0x35f /home/levent/STM32CubeIDE/workspace_1.18.0/ADC_FFT_Project/Lib/libarm_cortexM4lf_math.a(arm_cfft_f32.o)
 .debug_str     0x000d63ad      0x704 /home/levent/STM32CubeIDE/workspace_1.18.0/ADC_FFT_Project/Lib/libarm_cortexM4lf_math.a(arm_common_tables.o)
 .debug_str     0x000d63ad      0x256 /home/levent/STM32CubeIDE/workspace_1.18.0/ADC_FFT_Project/Lib/libarm_cortexM4lf_math.a(arm_cfft_radix8_f32.o)

.comment        0x00000000       0xb3
 .comment       0x00000000       0xb3 ./Core/Src/main.o
                                 0x44 (size before relaxing)
 .comment       0x000000b3       0x44 ./Core/Src/stm32f4xx_hal_msp.o
 .comment       0x000000b3       0x44 ./Core/Src/stm32f4xx_it.o
 .comment       0x000000b3       0x44 ./Core/Src/system_stm32f4xx.o
 .comment       0x000000b3       0x44 ./Drivers/STM32F4xx_HAL_Driver/Src/stm32f4xx_hal.o
 .comment       0x000000b3       0x44 ./Drivers/STM32F4xx_HAL_Driver/Src/stm32f4xx_hal_adc.o
 .comment       0x000000b3       0x44 ./Drivers/STM32F4xx_HAL_Driver/Src/stm32f4xx_hal_cortex.o
 .comment       0x000000b3       0x44 ./Drivers/STM32F4xx_HAL_Driver/Src/stm32f4xx_hal_dma.o
 .comment       0x000000b3       0x44 ./Drivers/STM32F4xx_HAL_Driver/Src/stm32f4xx_hal_gpio.o
 .comment       0x000000b3       0x44 ./Drivers/STM32F4xx_HAL_Driver/Src/stm32f4xx_hal_rcc.o
 .comment       0x000000b3       0x44 ./Drivers/STM32F4xx_HAL_Driver/Src/stm32f4xx_hal_tim.o
 .comment       0x000000b3       0x44 ./Drivers/STM32F4xx_HAL_Driver/Src/stm32f4xx_hal_tim_ex.o
 .comment       0x000000b3       0x71 /home/levent/STM32CubeIDE/workspace_1.18.0/ADC_FFT_Project/Lib/libarm_cortexM4lf_math.a(arm_rfft_fast_init_f32.o)
 .comment       0x000000b3       0x71 /home/levent/STM32CubeIDE/workspace_1.18.0/ADC_FFT_Project/Lib/libarm_cortexM4lf_math.a(arm_rfft_fast_f32.o)
 .comment       0x000000b3       0x71 /home/levent/STM32CubeIDE/workspace_1.18.0/ADC_FFT_Project/Lib/libarm_cortexM4lf_math.a(arm_cfft_f32.o)
 .comment       0x000000b3       0x71 /home/levent/STM32CubeIDE/workspace_1.18.0/ADC_FFT_Project/Lib/libarm_cortexM4lf_math.a(arm_common_tables.o)
 .comment       0x000000b3       0x71 /home/levent/STM32CubeIDE/workspace_1.18.0/ADC_FFT_Project/Lib/libarm_cortexM4lf_math.a(arm_cfft_radix8_f32.o)

.debug_frame    0x00000000     0x337c
 .debug_frame   0x00000000      0x128 ./Core/Src/main.o
 .debug_frame   0x00000128       0xd0 ./Core/Src/stm32f4xx_hal_msp.o
 .debug_frame   0x000001f8      0x120 ./Core/Src/stm32f4xx_it.o
 .debug_frame   0x00000318       0x58 ./Core/Src/system_stm32f4xx.o
 .debug_frame   0x00000370      0x374 ./Drivers/STM32F4xx_HAL_Driver/Src/stm32f4xx_hal.o
 .debug_frame   0x000006e4      0x3fc ./Drivers/STM32F4xx_HAL_Driver/Src/stm32f4xx_hal_adc.o
 .debug_frame   0x00000ae0      0x508 ./Drivers/STM32F4xx_HAL_Driver/Src/stm32f4xx_hal_cortex.o
 .debug_frame   0x00000fe8      0x250 ./Drivers/STM32F4xx_HAL_Driver/Src/stm32f4xx_hal_dma.o
 .debug_frame   0x00001238      0x14c ./Drivers/STM32F4xx_HAL_Driver/Src/stm32f4xx_hal_gpio.o
 .debug_frame   0x00001384      0x1f4 ./Drivers/STM32F4xx_HAL_Driver/Src/stm32f4xx_hal_rcc.o
 .debug_frame   0x00001578     0x11c0 ./Drivers/STM32F4xx_HAL_Driver/Src/stm32f4xx_hal_tim.o
 .debug_frame   0x00002738      0x638 ./Drivers/STM32F4xx_HAL_Driver/Src/stm32f4xx_hal_tim_ex.o
 .debug_frame   0x00002d70       0x34 /home/levent/STM32CubeIDE/workspace_1.18.0/ADC_FFT_Project/Lib/libarm_cortexM4lf_math.a(arm_rfft_fast_init_f32.o)
 .debug_frame   0x00002da4       0x74 /home/levent/STM32CubeIDE/workspace_1.18.0/ADC_FFT_Project/Lib/libarm_cortexM4lf_math.a(arm_rfft_fast_f32.o)
 .debug_frame   0x00002e18       0xfc /home/levent/STM32CubeIDE/workspace_1.18.0/ADC_FFT_Project/Lib/libarm_cortexM4lf_math.a(arm_cfft_f32.o)
 .debug_frame   0x00002f14       0x94 /home/levent/STM32CubeIDE/workspace_1.18.0/ADC_FFT_Project/Lib/libarm_cortexM4lf_math.a(arm_cfft_radix8_f32.o)
 .debug_frame   0x00002fa8      0x144 /opt/stm32cubeide/plugins/com.st.stm32cube.ide.mcu.externaltools.gnu-tools-for-stm32.13.3.rel1.linux64_1.0.0.202410170706/tools/bin/../lib/gcc/arm-none-eabi/13.3.1/../../../../arm-none-eabi/lib/thumb/v7e-m+fp/hard/libc_nano.a(libc_a-findfp.o)
 .debug_frame   0x000030ec       0x20 /opt/stm32cubeide/plugins/com.st.stm32cube.ide.mcu.externaltools.gnu-tools-for-stm32.13.3.rel1.linux64_1.0.0.202410170706/tools/bin/../lib/gcc/arm-none-eabi/13.3.1/../../../../arm-none-eabi/lib/thumb/v7e-m+fp/hard/libc_nano.a(libc_a-memset.o)
 .debug_frame   0x0000310c       0x20 /opt/stm32cubeide/plugins/com.st.stm32cube.ide.mcu.externaltools.gnu-tools-for-stm32.13.3.rel1.linux64_1.0.0.202410170706/tools/bin/../lib/gcc/arm-none-eabi/13.3.1/../../../../arm-none-eabi/lib/thumb/v7e-m+fp/hard/libc_nano.a(libc_a-errno.o)
 .debug_frame   0x0000312c       0x2c /opt/stm32cubeide/plugins/com.st.stm32cube.ide.mcu.externaltools.gnu-tools-for-stm32.13.3.rel1.linux64_1.0.0.202410170706/tools/bin/../lib/gcc/arm-none-eabi/13.3.1/../../../../arm-none-eabi/lib/thumb/v7e-m+fp/hard/libc_nano.a(libc_a-init.o)
 .debug_frame   0x00003158       0x38 /opt/stm32cubeide/plugins/com.st.stm32cube.ide.mcu.externaltools.gnu-tools-for-stm32.13.3.rel1.linux64_1.0.0.202410170706/tools/bin/../lib/gcc/arm-none-eabi/13.3.1/../../../../arm-none-eabi/lib/thumb/v7e-m+fp/hard/libm.a(libm_a-wf_sqrt.o)
 .debug_frame   0x00003190       0x38 /opt/stm32cubeide/plugins/com.st.stm32cube.ide.mcu.externaltools.gnu-tools-for-stm32.13.3.rel1.linux64_1.0.0.202410170706/tools/bin/../lib/gcc/arm-none-eabi/13.3.1/../../../../arm-none-eabi/lib/thumb/v7e-m+fp/hard/libm.a(libm_a-sf_cos.o)
 .debug_frame   0x000031c8       0x20 /opt/stm32cubeide/plugins/com.st.stm32cube.ide.mcu.externaltools.gnu-tools-for-stm32.13.3.rel1.linux64_1.0.0.202410170706/tools/bin/../lib/gcc/arm-none-eabi/13.3.1/../../../../arm-none-eabi/lib/thumb/v7e-m+fp/hard/libm.a(libm_a-ef_sqrt.o)
 .debug_frame   0x000031e8       0x20 /opt/stm32cubeide/plugins/com.st.stm32cube.ide.mcu.externaltools.gnu-tools-for-stm32.13.3.rel1.linux64_1.0.0.202410170706/tools/bin/../lib/gcc/arm-none-eabi/13.3.1/../../../../arm-none-eabi/lib/thumb/v7e-m+fp/hard/libm.a(libm_a-kf_cos.o)
 .debug_frame   0x00003208       0x20 /opt/stm32cubeide/plugins/com.st.stm32cube.ide.mcu.externaltools.gnu-tools-for-stm32.13.3.rel1.linux64_1.0.0.202410170706/tools/bin/../lib/gcc/arm-none-eabi/13.3.1/../../../../arm-none-eabi/lib/thumb/v7e-m+fp/hard/libm.a(libm_a-kf_sin.o)
 .debug_frame   0x00003228       0x38 /opt/stm32cubeide/plugins/com.st.stm32cube.ide.mcu.externaltools.gnu-tools-for-stm32.13.3.rel1.linux64_1.0.0.202410170706/tools/bin/../lib/gcc/arm-none-eabi/13.3.1/../../../../arm-none-eabi/lib/thumb/v7e-m+fp/hard/libm.a(libm_a-ef_rem_pio2.o)
 .debug_frame   0x00003260       0x20 /opt/stm32cubeide/plugins/com.st.stm32cube.ide.mcu.externaltools.gnu-tools-for-stm32.13.3.rel1.linux64_1.0.0.202410170706/tools/bin/../lib/gcc/arm-none-eabi/13.3.1/../../../../arm-none-eabi/lib/thumb/v7e-m+fp/hard/libm.a(libm_a-sf_fabs.o)
 .debug_frame   0x00003280       0x5c /opt/stm32cubeide/plugins/com.st.stm32cube.ide.mcu.externaltools.gnu-tools-for-stm32.13.3.rel1.linux64_1.0.0.202410170706/tools/bin/../lib/gcc/arm-none-eabi/13.3.1/../../../../arm-none-eabi/lib/thumb/v7e-m+fp/hard/libm.a(libm_a-kf_rem_pio2.o)
 .debug_frame   0x000032dc       0x20 /opt/stm32cubeide/plugins/com.st.stm32cube.ide.mcu.externaltools.gnu-tools-for-stm32.13.3.rel1.linux64_1.0.0.202410170706/tools/bin/../lib/gcc/arm-none-eabi/13.3.1/../../../../arm-none-eabi/lib/thumb/v7e-m+fp/hard/libm.a(libm_a-sf_scalbn.o)
 .debug_frame   0x000032fc       0x20 /opt/stm32cubeide/plugins/com.st.stm32cube.ide.mcu.externaltools.gnu-tools-for-stm32.13.3.rel1.linux64_1.0.0.202410170706/tools/bin/../lib/gcc/arm-none-eabi/13.3.1/../../../../arm-none-eabi/lib/thumb/v7e-m+fp/hard/libm.a(libm_a-sf_floor.o)
 .debug_frame   0x0000331c       0x2c /opt/stm32cubeide/plugins/com.st.stm32cube.ide.mcu.externaltools.gnu-tools-for-stm32.13.3.rel1.linux64_1.0.0.202410170706/tools/bin/../lib/gcc/arm-none-eabi/13.3.1/thumb/v7e-m+fp/hard/libgcc.a(_aeabi_uldivmod.o)
 .debug_frame   0x00003348       0x34 /opt/stm32cubeide/plugins/com.st.stm32cube.ide.mcu.externaltools.gnu-tools-for-stm32.13.3.rel1.linux64_1.0.0.202410170706/tools/bin/../lib/gcc/arm-none-eabi/13.3.1/thumb/v7e-m+fp/hard/libgcc.a(_udivmoddi4.o)

.debug_line_str
                0x00000000       0x69
 .debug_line_str
                0x00000000       0x69 ./Core/Startup/startup_stm32f407vgtx.o

.debug_loc      0x00000000     0x2a79
 .debug_loc     0x00000000      0x1a6 /home/levent/STM32CubeIDE/workspace_1.18.0/ADC_FFT_Project/Lib/libarm_cortexM4lf_math.a(arm_rfft_fast_init_f32.o)
 .debug_loc     0x000001a6      0xf1a /home/levent/STM32CubeIDE/workspace_1.18.0/ADC_FFT_Project/Lib/libarm_cortexM4lf_math.a(arm_rfft_fast_f32.o)
 .debug_loc     0x000010c0     0x1053 /home/levent/STM32CubeIDE/workspace_1.18.0/ADC_FFT_Project/Lib/libarm_cortexM4lf_math.a(arm_cfft_f32.o)
 .debug_loc     0x00002113      0x966 /home/levent/STM32CubeIDE/workspace_1.18.0/ADC_FFT_Project/Lib/libarm_cortexM4lf_math.a(arm_cfft_radix8_f32.o)

.debug_ranges   0x00000000       0x60
 .debug_ranges  0x00000000       0x10 /home/levent/STM32CubeIDE/workspace_1.18.0/ADC_FFT_Project/Lib/libarm_cortexM4lf_math.a(arm_rfft_fast_init_f32.o)
 .debug_ranges  0x00000010       0x20 /home/levent/STM32CubeIDE/workspace_1.18.0/ADC_FFT_Project/Lib/libarm_cortexM4lf_math.a(arm_rfft_fast_f32.o)
 .debug_ranges  0x00000030       0x20 /home/levent/STM32CubeIDE/workspace_1.18.0/ADC_FFT_Project/Lib/libarm_cortexM4lf_math.a(arm_cfft_f32.o)
 .debug_ranges  0x00000050       0x10 /home/levent/STM32CubeIDE/workspace_1.18.0/ADC_FFT_Project/Lib/libarm_cortexM4lf_math.a(arm_cfft_radix8_f32.o)
